bno055.c:9:6:bno055_setPage	16	static
bno055.c:11:6:bno055_setOperationMode	16	static
bno055.c:16:6:bno055_setOperationModeConfig	8	static
bno055.c:20:6:bno055_setOperationModeNDOF	8	static
bno055.c:24:6:bno055_setOperationModeAMG	8	static
bno055.c:28:6:bno055_setExternalCrystalUse	24	static
bno055.c:37:6:bno055_enableExternalCrystal	8	static
bno055.c:38:6:bno055_disableExternalCrystal	8	static
bno055.c:40:6:bno055_reset	8	static
bno055.c:45:8:bno055_getTemp	16	static
bno055.c:52:6:bno055_setup	16	static
bno055.c:68:9:bno055_getSWRevision	16	static
bno055.c:75:9:bno055_getBootloaderRevision	16	static
bno055.c:82:9:bno055_getSystemStatus	16	static
bno055.c:89:27:bno055_getSelfTestResult	24	static
bno055.c:102:9:bno055_getSystemError	16	static
bno055.c:109:22:bno055_getCalibration	24	static
bno055.c:121:17:bno055_getVector	120	static
bno055.c:148:17:bno055_getVectorAccelerometer	72	static
bno055.c:151:17:bno055_getVectorMagnetometer	72	static
bno055.c:154:17:bno055_getVectorGyroscope	72	static
bno055.c:157:17:bno055_getVectorEuler	72	static
bno055.c:160:17:bno055_getVectorLinearAccel	72	static
bno055.c:163:17:bno055_getVectorGravity	72	static
