core_cm7.h:2229:22:SCB_EnableICache	4	static,ignoring_inline_asm
core_cm7.h:2281:22:SCB_EnableDCache	24	static,ignoring_inline_asm
bno055_stm32.h:16:6:bno055_assignI2C	16	static
bno055_stm32.h:20:6:bno055_delay	16	static
bno055_stm32.h:28:6:bno055_writeData	32	static
bno055_stm32.h:92:6:bno055_readData	24	static
main.c:77:5:main	1120	static
main.c:148:6:SystemClock_Config	232	static
main.c:200:13:MX_CRC_Init	8	static
main.c:231:13:MX_I2C1_Init	8	static
main.c:277:6:MX_USART3_UART_Init	8	static
main.c:312:13:MX_GPIO_Init	24	static
main.c:330:6:Error_Handler	4	static
