Archive member included to satisfy reference by file (symbol)

../Middlewares/ST/AI/Lib\NetworkRuntime400_CM7_GCC.a(ai_network_inspector.o)
                              Middlewares/ST/Application/Validation/Src/aiValidation.o (ai_inspector_bind_network)
../Middlewares/ST/AI/Lib\NetworkRuntime400_CM7_GCC.a(ai_platform_interface.o)
                              Src/network.o (ai_platform_api_get_network_report)
../Middlewares/ST/AI/Lib\NetworkRuntime400_CM7_GCC.a(core_common.o)
                              ../Middlewares/ST/AI/Lib\NetworkRuntime400_CM7_GCC.a(ai_platform_interface.o) (core_get_error)
../Middlewares/ST/AI/Lib\NetworkRuntime400_CM7_GCC.a(core_mem_manager.o)
                              ../Middlewares/ST/AI/Lib\NetworkRuntime400_CM7_GCC.a(ai_network_inspector.o) (core_mem_alloc)
../Middlewares/ST/AI/Lib\NetworkRuntime400_CM7_GCC.a(core_net_inspect.o)
                              ../Middlewares/ST/AI/Lib\NetworkRuntime400_CM7_GCC.a(ai_network_inspector.o) (ai_network_inspect_destroy)
../Middlewares/ST/AI/Lib\NetworkRuntime400_CM7_GCC.a(core_utils.o)
                              ../Middlewares/ST/AI/Lib\NetworkRuntime400_CM7_GCC.a(core_net_inspect.o) (core_utils_generate_network_signature)
../Middlewares/ST/AI/Lib\NetworkRuntime400_CM7_GCC.a(layers.o)
                              ../Middlewares/ST/AI/Lib\NetworkRuntime400_CM7_GCC.a(ai_platform_interface.o) (ai_check_custom_types)
../Middlewares/ST/AI/Lib\NetworkRuntime400_CM7_GCC.a(layers_conv2d_generic_float.o)
                              Src/network.o (forward_conv2d_nl_pool)
../Middlewares/ST/AI/Lib\NetworkRuntime400_CM7_GCC.a(layers_nl_generic_float.o)
                              Src/network.o (forward_relu)
../Middlewares/ST/AI/Lib\NetworkRuntime400_CM7_GCC.a(layers_pool_generic_float.o)
                              Src/network.o (pool_func_mp_array_f32)
../Middlewares/ST/AI/Lib\NetworkRuntime400_CM7_GCC.a(ai_datatypes_format.o)
                              ../Middlewares/ST/AI/Lib\NetworkRuntime400_CM7_GCC.a(ai_platform_interface.o) (ai_array_get_byte_size)
../Middlewares/ST/AI/Lib\NetworkRuntime400_CM7_GCC.a(ai_math_helpers.o)
                              ../Middlewares/ST/AI/Lib\NetworkRuntime400_CM7_GCC.a(layers_nl_generic_float.o) (ai_math_sqrt)
../Middlewares/ST/AI/Lib\NetworkRuntime400_CM7_GCC.a(core_benchmark.o)
                              ../Middlewares/ST/AI/Lib\NetworkRuntime400_CM7_GCC.a(core_net_inspect.o) (core_timer_init)
d:/st/stm32cubeide_1.0.2/stm32cubeide/plugins/com.st.stm32cube.ide.mcu.externaltools.gnu-tools-for-stm32.7-2018-q2-update.win32_1.0.0.201904181610/tools/bin/../lib/gcc/arm-none-eabi/7.3.1/../../../../arm-none-eabi/lib/thumb/v7e-m/fpv5/hard\libc_nano.a(lib_a-aeabi_memclr.o)
                              ../Middlewares/ST/AI/Lib\NetworkRuntime400_CM7_GCC.a(layers_conv2d_generic_float.o) (__aeabi_memclr)
d:/st/stm32cubeide_1.0.2/stm32cubeide/plugins/com.st.stm32cube.ide.mcu.externaltools.gnu-tools-for-stm32.7-2018-q2-update.win32_1.0.0.201904181610/tools/bin/../lib/gcc/arm-none-eabi/7.3.1/../../../../arm-none-eabi/lib/thumb/v7e-m/fpv5/hard\libc_nano.a(lib_a-aeabi_memcpy.o)
                              ../Middlewares/ST/AI/Lib\NetworkRuntime400_CM7_GCC.a(ai_platform_interface.o) (__aeabi_memcpy)
d:/st/stm32cubeide_1.0.2/stm32cubeide/plugins/com.st.stm32cube.ide.mcu.externaltools.gnu-tools-for-stm32.7-2018-q2-update.win32_1.0.0.201904181610/tools/bin/../lib/gcc/arm-none-eabi/7.3.1/../../../../arm-none-eabi/lib/thumb/v7e-m/fpv5/hard\libc_nano.a(lib_a-aeabi_memset-soft.o)
                              d:/st/stm32cubeide_1.0.2/stm32cubeide/plugins/com.st.stm32cube.ide.mcu.externaltools.gnu-tools-for-stm32.7-2018-q2-update.win32_1.0.0.201904181610/tools/bin/../lib/gcc/arm-none-eabi/7.3.1/../../../../arm-none-eabi/lib/thumb/v7e-m/fpv5/hard\libc_nano.a(lib_a-aeabi_memclr.o) (__aeabi_memset)
d:/st/stm32cubeide_1.0.2/stm32cubeide/plugins/com.st.stm32cube.ide.mcu.externaltools.gnu-tools-for-stm32.7-2018-q2-update.win32_1.0.0.201904181610/tools/bin/../lib/gcc/arm-none-eabi/7.3.1/../../../../arm-none-eabi/lib/thumb/v7e-m/fpv5/hard\libc_nano.a(lib_a-errno.o)
                              Middlewares/ST/Application/Validation/Src/aiTestUtility.o (__errno)
d:/st/stm32cubeide_1.0.2/stm32cubeide/plugins/com.st.stm32cube.ide.mcu.externaltools.gnu-tools-for-stm32.7-2018-q2-update.win32_1.0.0.201904181610/tools/bin/../lib/gcc/arm-none-eabi/7.3.1/../../../../arm-none-eabi/lib/thumb/v7e-m/fpv5/hard\libc_nano.a(lib_a-exit.o)
                              d:/st/stm32cubeide_1.0.2/stm32cubeide/plugins/com.st.stm32cube.ide.mcu.externaltools.gnu-tools-for-stm32.7-2018-q2-update.win32_1.0.0.201904181610/tools/bin/../lib/gcc/arm-none-eabi/7.3.1/../../../../arm-none-eabi/lib/thumb/v7e-m/fpv5/hard/crt0.o (exit)
[...]
Memory Configuration

Name             Origin             Length             Attributes
RAM              0x0000000020000000 0x0000000000080000 xrw
FLASH            0x0000000008000000 0x0000000000200000 xr
*default*        0x0000000000000000 0xffffffffffffffff

Linker script and memory map

LOAD d:/st/stm32cubeide_1.0.2/stm32cubeide/plugins/com.st.stm32cube.ide.mcu.externaltools.gnu-tools-for-stm32.7-2018-q2-update.win32_1.0.0.201904181610/tools/bin/../lib/gcc/arm-none-eabi/7.3.1/thumb/v7e-m/fpv5/hard/crti.o
LOAD d:/st/stm32cubeide_1.0.2/stm32cubeide/plugins/com.st.stm32cube.ide.mcu.externaltools.gnu-tools-for-stm32.7-2018-q2-update.win32_1.0.0.201904181610/tools/bin/../lib/gcc/arm-none-eabi/7.3.1/thumb/v7e-m/fpv5/hard/crtbegin.o
LOAD d:/st/stm32cubeide_1.0.2/stm32cubeide/plugins/com.st.stm32cube.ide.mcu.externaltools.gnu-tools-for-stm32.7-2018-q2-update.win32_1.0.0.201904181610/tools/bin/../lib/gcc/arm-none-eabi/7.3.1/../../../../arm-none-eabi/lib/thumb/v7e-m/fpv5/hard/crt0.o
LOAD Drivers/CMSIS/DSP/Source/BasicMathFunctions/arm_dot_prod_f32.o
LOAD Drivers/CMSIS/DSP/Source/BasicMathFunctions/arm_shift_q15.o
LOAD Drivers/CMSIS/DSP/Source/BasicMathFunctions/arm_shift_q7.o
LOAD Drivers/CMSIS/DSP/Source/MatrixFunctions/arm_mat_init_f32.o
LOAD Drivers/CMSIS/DSP/Source/SupportFunctions/arm_float_to_q15.o
LOAD Drivers/CMSIS/DSP/Source/SupportFunctions/arm_float_to_q7.o
LOAD Drivers/CMSIS/DSP/Source/SupportFunctions/arm_q15_to_float.o
LOAD Drivers/CMSIS/DSP/Source/SupportFunctions/arm_q15_to_q7.o
LOAD Drivers/CMSIS/DSP/Source/SupportFunctions/arm_q7_to_float.o
LOAD Drivers/CMSIS/DSP/Source/SupportFunctions/arm_q7_to_q15.o
LOAD Drivers/STM32F7xx_HAL_Driver/Src/stm32f7xx_hal.o
LOAD Drivers/STM32F7xx_HAL_Driver/Src/stm32f7xx_hal_cortex.o
LOAD Drivers/STM32F7xx_HAL_Driver/Src/stm32f7xx_hal_crc.o
LOAD Drivers/STM32F7xx_HAL_Driver/Src/stm32f7xx_hal_crc_ex.o
LOAD Drivers/STM32F7xx_HAL_Driver/Src/stm32f7xx_hal_dma.o
LOAD Drivers/STM32F7xx_HAL_Driver/Src/stm32f7xx_hal_dma_ex.o
LOAD Drivers/STM32F7xx_HAL_Driver/Src/stm32f7xx_hal_exti.o
LOAD Drivers/STM32F7xx_HAL_Driver/Src/stm32f7xx_hal_flash.o
LOAD Drivers/STM32F7xx_HAL_Driver/Src/stm32f7xx_hal_flash_ex.o
LOAD Drivers/STM32F7xx_HAL_Driver/Src/stm32f7xx_hal_gpio.o
LOAD Drivers/STM32F7xx_HAL_Driver/Src/stm32f7xx_hal_i2c.o
LOAD Drivers/STM32F7xx_HAL_Driver/Src/stm32f7xx_hal_i2c_ex.o
LOAD Drivers/STM32F7xx_HAL_Driver/Src/stm32f7xx_hal_pwr.o
LOAD Drivers/STM32F7xx_HAL_Driver/Src/stm32f7xx_hal_pwr_ex.o
LOAD Drivers/STM32F7xx_HAL_Driver/Src/stm32f7xx_hal_rcc.o
LOAD Drivers/STM32F7xx_HAL_Driver/Src/stm32f7xx_hal_rcc_ex.o
LOAD Drivers/STM32F7xx_HAL_Driver/Src/stm32f7xx_hal_tim.o
LOAD Drivers/STM32F7xx_HAL_Driver/Src/stm32f7xx_hal_tim_ex.o
LOAD Drivers/STM32F7xx_HAL_Driver/Src/stm32f7xx_hal_uart.o
LOAD Drivers/STM32F7xx_HAL_Driver/Src/stm32f7xx_hal_uart_ex.o
LOAD Middlewares/ST/Application/Validation/Src/aiPbMgr.o
LOAD Middlewares/ST/Application/Validation/Src/aiTestUtility.o
LOAD Middlewares/ST/Application/Validation/Src/aiValidation.o
LOAD Middlewares/ST/Application/Validation/Src/pb_common.o
LOAD Middlewares/ST/Application/Validation/Src/pb_decode.o
LOAD Middlewares/ST/Application/Validation/Src/pb_encode.o
LOAD Middlewares/ST/Application/Validation/Src/stm32msg.pb.o
LOAD Src/app_x-cube-ai.o
LOAD Src/bno055.o
LOAD Src/main.o
LOAD Src/network.o
LOAD Src/network_data.o
LOAD Src/stm32f7xx_hal_msp.o
LOAD Src/stm32f7xx_it.o
LOAD Src/syscalls.o
LOAD Src/sysmem.o
LOAD Src/system_stm32f7xx.o
LOAD Startup/startup_stm32f767zitx.o
LOAD ../Middlewares/ST/AI/Lib\NetworkRuntime400_CM7_GCC.a
START GROUP
LOAD d:/st/stm32cubeide_1.0.2/stm32cubeide/plugins/com.st.stm32cube.ide.mcu.externaltools.gnu-tools-for-stm32.7-2018-q2-update.win32_1.0.0.201904181610/tools/bin/../lib/gcc/arm-none-eabi/7.3.1/../../../../arm-none-eabi/lib/thumb/v7e-m/fpv5/hard\libc_nano.a
LOAD d:/st/stm32cubeide_1.0.2/stm32cubeide/plugins/com.st.stm32cube.ide.mcu.externaltools.gnu-tools-for-stm32.7-2018-q2-update.win32_1.0.0.201904181610/tools/bin/../lib/gcc/arm-none-eabi/7.3.1/../../../../arm-none-eabi/lib/thumb/v7e-m/fpv5/hard\libm.a
END GROUP
START GROUP
LOAD d:/st/stm32cubeide_1.0.2/stm32cubeide/plugins/com.st.stm32cube.ide.mcu.externaltools.gnu-tools-for-stm32.7-2018-q2-update.win32_1.0.0.201904181610/tools/bin/../lib/gcc/arm-none-eabi/7.3.1/thumb/v7e-m/fpv5/hard\libgcc.a
LOAD d:/st/stm32cubeide_1.0.2/stm32cubeide/plugins/com.st.stm32cube.ide.mcu.externaltools.gnu-tools-for-stm32.7-2018-q2-update.win32_1.0.0.201904181610/tools/bin/../lib/gcc/arm-none-eabi/7.3.1/../../../../arm-none-eabi/lib/thumb/v7e-m/fpv5/hard\libc_nano.a
END GROUP
START GROUP
LOAD d:/st/stm32cubeide_1.0.2/stm32cubeide/plugins/com.st.stm32cube.ide.mcu.externaltools.gnu-tools-for-stm32.7-2018-q2-update.win32_1.0.0.201904181610/tools/bin/../lib/gcc/arm-none-eabi/7.3.1/thumb/v7e-m/fpv5/hard\libgcc.a
LOAD d:/st/stm32cubeide_1.0.2/stm32cubeide/plugins/com.st.stm32cube.ide.mcu.externaltools.gnu-tools-for-stm32.7-2018-q2-update.win32_1.0.0.201904181610/tools/bin/../lib/gcc/arm-none-eabi/7.3.1/../../../../arm-none-eabi/lib/thumb/v7e-m/fpv5/hard\libc_nano.a
LOAD d:/st/stm32cubeide_1.0.2/stm32cubeide/plugins/com.st.stm32cube.ide.mcu.externaltools.gnu-tools-for-stm32.7-2018-q2-update.win32_1.0.0.201904181610/tools/bin/../lib/gcc/arm-none-eabi/7.3.1/../../../../arm-none-eabi/lib/thumb/v7e-m/fpv5/hard\libnosys.a
END GROUP
START GROUP
LOAD d:/st/stm32cubeide_1.0.2/stm32cubeide/plugins/com.st.stm32cube.ide.mcu.externaltools.gnu-tools-for-stm32.7-2018-q2-update.win32_1.0.0.201904181610/tools/bin/../lib/gcc/arm-none-eabi/7.3.1/thumb/v7e-m/fpv5/hard\libgcc.a
LOAD d:/st/stm32cubeide_1.0.2/stm32cubeide/plugins/com.st.stm32cube.ide.mcu.externaltools.gnu-tools-for-stm32.7-2018-q2-update.win32_1.0.0.201904181610/tools/bin/../lib/gcc/arm-none-eabi/7.3.1/../../../../arm-none-eabi/lib/thumb/v7e-m/fpv5/hard\libc_nano.a
LOAD d:/st/stm32cubeide_1.0.2/stm32cubeide/plugins/com.st.stm32cube.ide.mcu.externaltools.gnu-tools-for-stm32.7-2018-q2-update.win32_1.0.0.201904181610/tools/bin/../lib/gcc/arm-none-eabi/7.3.1/../../../../arm-none-eabi/lib/thumb/v7e-m/fpv5/hard\libnosys.a
END GROUP
LOAD d:/st/stm32cubeide_1.0.2/stm32cubeide/plugins/com.st.stm32cube.ide.mcu.externaltools.gnu-tools-for-stm32.7-2018-q2-update.win32_1.0.0.201904181610/tools/bin/../lib/gcc/arm-none-eabi/7.3.1/thumb/v7e-m/fpv5/hard/crtend.o
LOAD d:/st/stm32cubeide_1.0.2/stm32cubeide/plugins/com.st.stm32cube.ide.mcu.externaltools.gnu-tools-for-stm32.7-2018-q2-update.win32_1.0.0.201904181610/tools/bin/../lib/gcc/arm-none-eabi/7.3.1/thumb/v7e-m/fpv5/hard/crtn.o
                0x0000000020080000                _estack = 0x20080000
                0x0000000000002000                _Min_Heap_Size = 0x2000
                0x0000000000000400                _Min_Stack_Size = 0x400

.isr_vector     0x0000000008000000      0x1f8
                0x0000000008000000                . = ALIGN (0x4)
 *(.isr_vector)
 .isr_vector    0x0000000008000000      0x1f8 Startup/startup_stm32f767zitx.o
                0x0000000008000000                g_pfnVectors
                0x00000000080001f8                . = ALIGN (0x4)

.text           0x0000000008000200    0x122ac
                0x0000000008000200                . = ALIGN (0x4)
 *(.text)
 .text          0x0000000008000200       0x40 d:/st/stm32cubeide_1.0.2/stm32cubeide/plugins/com.st.stm32cube.ide.mcu.externaltools.gnu-tools-for-stm32.7-2018-q2-update.win32_1.0.0.201904181610/tools/bin/../lib/gcc/arm-none-eabi/7.3.1/thumb/v7e-m/fpv5/hard/crtbegin.o
 .text          0x0000000008000240      0x2f6 ../Middlewares/ST/AI/Lib\NetworkRuntime400_CM7_GCC.a(ai_network_inspector.o)
                0x0000000008000240                ai_inspector_default_config
                0x000000000800026c                ai_inspector_create
                0x00000000080002d0                ai_inspector_destroy
                0x0000000008000326                ai_inspector_bind_network
                0x00000000080003a8                ai_inspector_unbind_network
                0x000000000800043c                ai_inspector_get_report
                0x00000000080004ba                ai_inspector_run
 *fill*         0x0000000008000536        0x2 
 .text          0x0000000008000538      0xcbc ../Middlewares/ST/AI/Lib\NetworkRuntime400_CM7_GCC.a(ai_platform_interface.o)
                0x000000000800095e                ai_platform_runtime_get_revision
                0x00000000080009f8                ai_platform_runtime_get_version
                0x0000000008000a96                ai_platform_api_get_version
                0x0000000008000b34                ai_platform_interface_api_get_version
                0x0000000008000bd2                ai_platform_context_acquire
                0x0000000008000c7c                ai_platform_context_release
                0x0000000008000c88                ai_platform_network_get_error
                0x0000000008000d36                ai_platform_network_set_error
                0x0000000008000d42                ai_platform_api_get_network_report
                0x0000000008000e9e                ai_platform_network_create
                0x0000000008000f0c                ai_platform_network_destroy
                0x0000000008000fc0                ai_platform_network_init
                0x00000000080010d4                ai_platform_network_process
 .text          0x00000000080011f4       0x24 ../Middlewares/ST/AI/Lib\NetworkRuntime400_CM7_GCC.a(core_common.o)
                0x00000000080011f4                core_init
                0x00000000080011f8                core_get_error
                0x0000000008001202                core_set_error
 .text          0x0000000008001218       0x7e ../Middlewares/ST/AI/Lib\NetworkRuntime400_CM7_GCC.a(core_mem_manager.o)
                0x0000000008001218                core_mem_alloc
                0x0000000008001232                core_mem_free
                0x0000000008001258                core_mem_realloc
 *fill*         0x0000000008001296        0x2 
 .text          0x0000000008001298      0x8f8 ../Middlewares/ST/AI/Lib\NetworkRuntime400_CM7_GCC.a(core_net_inspect.o)
                0x00000000080016d4                core_inspect_forward_validate_
                0x0000000008001a4a                ai_network_inspect_init
                0x0000000008001ade                ai_network_inspect_get_report
                0x0000000008001b0e                ai_network_inspect_destroy
 .text          0x0000000008001b90      0x280 ../Middlewares/ST/AI/Lib\NetworkRuntime400_CM7_GCC.a(core_utils.o)
                0x0000000008001cca                core_utils_compute_crc32
                0x0000000008001ccc                core_utils_generate_network_signature
                0x0000000008001d14                get_broadcasted_shape
                0x0000000008001d5a                compute_offsets
 .text          0x0000000008001e10      0x25c ../Middlewares/ST/AI/Lib\NetworkRuntime400_CM7_GCC.a(layers.o)
                0x0000000008001e10                ai_layers_forward_layer
                0x0000000008001e24                ai_check_custom_types
                0x0000000008001e4c                ai_layer_type_name
                0x0000000008001f5c                ai_layer_type_is_valid
                0x0000000008001f78                ai_layers_forward_all
 .text          0x000000000800206c     0x17e0 ../Middlewares/ST/AI/Lib\NetworkRuntime400_CM7_GCC.a(layers_conv2d_generic_float.o)
                0x0000000008002714                ai_dict8_dot_array_f32
                0x00000000080029e8                ai_dict4_dot_array_f32
                0x0000000008002a88                ai_dict_decompress_f32
                0x0000000008002b5e                forward_conv2d
                0x0000000008002d8c                forward_conv2d_nl_pool
                0x00000000080031c4                forward_dense
                0x000000000800363a                forward_gemm
                0x00000000080036e8                forward_matmul
 .text          0x000000000800384c      0xcc2 ../Middlewares/ST/AI/Lib\NetworkRuntime400_CM7_GCC.a(layers_nl_generic_float.o)
                0x000000000800384c                nl_func_sm_channel_f32
                0x0000000008003970                nl_func_sm_array_f32
                0x00000000080039b4                nl_func_tanh_array_f32
                0x00000000080039e0                nl_func_sigmoid_array_f32
                0x0000000008003a20                nl_func_hard_sigmoid_array_f32
                0x0000000008003a78                nl_func_exp_array_f32
                0x0000000008003aa4                nl_func_sqrt_array_f32
                0x0000000008003ad0                nl_func_soft_plus_array_f32
                0x0000000008003b08                nl_func_soft_sign_array_f32
                0x0000000008003b3c                nl_func_sign_array_f32
                0x0000000008003b7c                nl_func_clip_array_f32
                0x0000000008003bc4                nl_func_hardmax_array_f32
                0x0000000008003ca4                nl_func_relu_array_f32
                0x0000000008003cdc                nl_func_relu_generic_array_f32
                0x0000000008003d90                nl_func_relu_thresholded_array_f32
                0x0000000008003dc4                nl_func_elu_array_f32
                0x0000000008003e4c                nl_func_selu_array_f32
                0x0000000008003ed8                nl_func_prelu_array_f32
                0x0000000008003f34                forward_relu
                0x0000000008003fb4                forward_relu_thresholded
                0x0000000008004014                forward_elu
                0x00000000080040c0                forward_selu
                0x00000000080040f0                forward_prelu
                0x0000000008004160                forward_sign
                0x00000000080041c4                forward_clip
                0x0000000008004234                forward_sigmoid
                0x0000000008004294                forward_hard_sigmoid
                0x0000000008004320                forward_exp
                0x000000000800436c                forward_sqrt
                0x00000000080043b8                forward_soft_plus
                0x0000000008004410                forward_soft_sign
                0x0000000008004468                forward_tanh
                0x00000000080044b2                forward_sm
                0x00000000080044e8                forward_hardmax
 *fill*         0x000000000800450e        0x2 
 .text          0x0000000008004510      0xde6 ../Middlewares/ST/AI/Lib\NetworkRuntime400_CM7_GCC.a(layers_pool_generic_float.o)
                0x0000000008004510                pool_func_mp_array_f32
                0x0000000008004898                pool_func_ap_array_f32
                0x0000000008004c3c                pool_func_mp_kernel_array_f32
                0x0000000008004cfc                pool_func_ap_kernel_array_f32
                0x0000000008004e18                forward_mp
                0x0000000008005030                forward_ap
 *fill*         0x00000000080052f6        0x2 
 .text          0x00000000080052f8      0x8f0 ../Middlewares/ST/AI/Lib\NetworkRuntime400_CM7_GCC.a(ai_datatypes_format.o)
                0x00000000080052f8                ai_array_fmt_name
                0x00000000080054a2                ai_array_fmt_exported
                0x0000000008005586                ai_array_fmt_valid
                0x000000000800566c                ai_array_fmt_get_formats
                0x000000000800567c                ai_buffer_fmt_name
                0x0000000008005742                ai_buffer_fmt_valid
                0x00000000080057b0                ai_buffer_fmt_get_formats
                0x00000000080057b8                ai_array_to_buffer_fmt
                0x0000000008005864                ai_buffer_to_array_fmt
                0x0000000008005968                ai_array_get_byte_size
                0x00000000080059be                ai_array_get_data_byte_size
                0x00000000080059e6                ai_array_get_elems_from_size
 .text          0x0000000008005be8      0x128 ../Middlewares/ST/AI/Lib\NetworkRuntime400_CM7_GCC.a(ai_math_helpers.o)
                0x0000000008005be8                ai_math_dot_array
                0x0000000008005c14                ai_math_sqrt
                0x0000000008005c2c                ai_math_exp
                0x0000000008005c30                ai_math_pow
                0x0000000008005c34                ai_math_tanh
                0x0000000008005c38                ai_math_relu
                0x0000000008005c48                ai_math_prelu
                0x0000000008005c58                ai_math_sigmoid
                0x0000000008005c78                ai_math_hard_sigmoid
                0x0000000008005cac                ai_math_sign
                0x0000000008005cd8                ai_sum
                0x0000000008005cde                ai_sub
                0x0000000008005ce4                ai_mul
                0x0000000008005cea                ai_div
                0x0000000008005cf0                ai_max
                0x0000000008005d00                ai_min
 .text          0x0000000008005d10        0x2 ../Middlewares/ST/AI/Lib\NetworkRuntime400_CM7_GCC.a(core_benchmark.o)
                0x0000000008005d10                core_timer_init_
 .text          0x0000000008005d12        0x4 ../Middlewares/ST/AI/Lib\NetworkRuntime400_CM7_GCC.a(core_benchmark.o)
                0x0000000008005d12                core_timer_ticks_
 *fill*         0x0000000008005d16        0x2 
 .text          0x0000000008005d18       0xe0 ../Middlewares/ST/AI/Lib\NetworkRuntime400_CM7_GCC.a(core_benchmark.o)
                0x0000000008005d18                core_timer_init
                0x0000000008005d42                core_timer_reset
                0x0000000008005d4e                core_timer_start
                0x0000000008005d62                core_timer_stop
                0x0000000008005d7c                core_timer_main_test_unit
 .text          0x0000000008005df8       0x9a d:/st/stm32cubeide_1.0.2/stm32cubeide/plugins/com.st.stm32cube.ide.mcu.externaltools.gnu-tools-for-stm32.7-2018-q2-update.win32_1.0.0.201904181610/tools/bin/../lib/gcc/arm-none-eabi/7.3.1/../../../../arm-none-eabi/lib/thumb/v7e-m/fpv5/hard\libc_nano.a(lib_a-aeabi_memset-soft.o)
                0x0000000008005df8                __aeabi_memset8
                0x0000000008005df8                __aeabi_memset4
                0x0000000008005df8                __aeabi_memset
 .text          0x0000000008005e92       0x10 d:/st/stm32cubeide_1.0.2/stm32cubeide/plugins/com.st.stm32cube.ide.mcu.externaltools.gnu-tools-for-stm32.7-2018-q2-update.win32_1.0.0.201904181610/tools/bin/../lib/gcc/arm-none-eabi/7.3.1/../../../../arm-none-eabi/lib/thumb/v7e-m/fpv5/hard\libc_nano.a(lib_a-strlen.o)
                0x0000000008005e92                strlen
 *fill*         0x0000000008005ea2        0xe 
 .text          0x0000000008005eb0       0xa0 d:/st/stm32cubeide_1.0.2/stm32cubeide/plugins/com.st.stm32cube.ide.mcu.externaltools.gnu-tools-for-stm32.7-2018-q2-update.win32_1.0.0.201904181610/tools/bin/../lib/gcc/arm-none-eabi/7.3.1/../../../../arm-none-eabi/lib/thumb/v7e-m/fpv5/hard\libc_nano.a(lib_a-memchr.o)
                0x0000000008005eb0                memchr
 .text          0x0000000008005f50      0x378 d:/st/stm32cubeide_1.0.2/stm32cubeide/plugins/com.st.stm32cube.ide.mcu.externaltools.gnu-tools-for-stm32.7-2018-q2-update.win32_1.0.0.201904181610/tools/bin/../lib/gcc/arm-none-eabi/7.3.1/thumb/v7e-m/fpv5/hard\libgcc.a(_arm_addsubdf3.o)
                0x0000000008005f50                __aeabi_drsub
                0x0000000008005f58                __aeabi_dsub
                0x0000000008005f58                __subdf3
                0x0000000008005f5c                __aeabi_dadd
                0x0000000008005f5c                __adddf3
                0x00000000080061d4                __floatunsidf
                0x00000000080061d4                __aeabi_ui2d
                0x00000000080061f4                __floatsidf
                0x00000000080061f4                __aeabi_i2d
                0x0000000008006218                __aeabi_f2d
                0x0000000008006218                __extendsfdf2
                0x000000000800625c                __floatundidf
                0x000000000800625c                __aeabi_ul2d
                0x000000000800626c                __floatdidf
                0x000000000800626c                __aeabi_l2d
 .text          0x00000000080062c8      0x21c d:/st/stm32cubeide_1.0.2/stm32cubeide/plugins/com.st.stm32cube.ide.mcu.externaltools.gnu-tools-for-stm32.7-2018-q2-update.win32_1.0.0.201904181610/tools/bin/../lib/gcc/arm-none-eabi/7.3.1/thumb/v7e-m/fpv5/hard\libgcc.a(_arm_addsubsf3.o)
                0x00000000080062c8                __aeabi_frsub
                0x00000000080062d0                __subsf3
                0x00000000080062d0                __aeabi_fsub
                0x00000000080062d4                __aeabi_fadd
                0x00000000080062d4                __addsf3
                0x0000000008006434                __aeabi_ui2f
                0x0000000008006434                __floatunsisf
                0x000000000800643c                __aeabi_i2f
                0x000000000800643c                __floatsisf
                0x0000000008006458                __aeabi_ul2f
                0x0000000008006458                __floatundisf
                0x0000000008006468                __aeabi_l2f
                0x0000000008006468                __floatdisf
 .text          0x00000000080064e4       0x30 d:/st/stm32cubeide_1.0.2/stm32cubeide/plugins/com.st.stm32cube.ide.mcu.externaltools.gnu-tools-for-stm32.7-2018-q2-update.win32_1.0.0.201904181610/tools/bin/../lib/gcc/arm-none-eabi/7.3.1/thumb/v7e-m/fpv5/hard\libgcc.a(_aeabi_uldivmod.o)
                0x00000000080064e4                __aeabi_uldivmod
 .text          0x0000000008006514      0x2cc d:/st/stm32cubeide_1.0.2/stm32cubeide/plugins/com.st.stm32cube.ide.mcu.externaltools.gnu-tools-for-stm32.7-2018-q2-update.win32_1.0.0.201904181610/tools/bin/../lib/gcc/arm-none-eabi/7.3.1/thumb/v7e-m/fpv5/hard\libgcc.a(_udivmoddi4.o)
                0x0000000008006514                __udivmoddi4
 .text          0x00000000080067e0        0x4 d:/st/stm32cubeide_1.0.2/stm32cubeide/plugins/com.st.stm32cube.ide.mcu.externaltools.gnu-tools-for-stm32.7-2018-q2-update.win32_1.0.0.201904181610/tools/bin/../lib/gcc/arm-none-eabi/7.3.1/thumb/v7e-m/fpv5/hard\libgcc.a(_dvmd_tls.o)
                0x00000000080067e0                __aeabi_idiv0
                0x00000000080067e0                __aeabi_ldiv0
 *(.text*)
 .text.arm_dot_prod_f32
                0x00000000080067e4      0x104 Drivers/CMSIS/DSP/Source/BasicMathFunctions/arm_dot_prod_f32.o
                0x00000000080067e4                arm_dot_prod_f32
 .text.arm_mat_init_f32
                0x00000000080068e8       0x30 Drivers/CMSIS/DSP/Source/MatrixFunctions/arm_mat_init_f32.o
                0x00000000080068e8                arm_mat_init_f32
 .text.HAL_Init
                0x0000000008006918       0x38 Drivers/STM32F7xx_HAL_Driver/Src/stm32f7xx_hal.o
                0x0000000008006918                HAL_Init
 .text.HAL_InitTick
                0x0000000008006950       0x60 Drivers/STM32F7xx_HAL_Driver/Src/stm32f7xx_hal.o
                0x0000000008006950                HAL_InitTick
 .text.HAL_IncTick
                0x00000000080069b0       0x28 Drivers/STM32F7xx_HAL_Driver/Src/stm32f7xx_hal.o
                0x00000000080069b0                HAL_IncTick
 .text.HAL_GetTick
                0x00000000080069d8       0x18 Drivers/STM32F7xx_HAL_Driver/Src/stm32f7xx_hal.o
                0x00000000080069d8                HAL_GetTick
 .text.HAL_Delay
                0x00000000080069f0       0x44 Drivers/STM32F7xx_HAL_Driver/Src/stm32f7xx_hal.o
                0x00000000080069f0                HAL_Delay
 .text.HAL_GetHalVersion
                0x0000000008006a34       0x14 Drivers/STM32F7xx_HAL_Driver/Src/stm32f7xx_hal.o
                0x0000000008006a34                HAL_GetHalVersion
 .text.HAL_GetREVID
                0x0000000008006a48       0x18 Drivers/STM32F7xx_HAL_Driver/Src/stm32f7xx_hal.o
                0x0000000008006a48                HAL_GetREVID
 .text.HAL_GetDEVID
                0x0000000008006a60       0x1c Drivers/STM32F7xx_HAL_Driver/Src/stm32f7xx_hal.o
                0x0000000008006a60                HAL_GetDEVID
 .text.__NVIC_SetPriorityGrouping
                0x0000000008006a7c       0x48 Drivers/STM32F7xx_HAL_Driver/Src/stm32f7xx_hal_cortex.o
 .text.__NVIC_GetPriorityGrouping
                0x0000000008006ac4       0x1c Drivers/STM32F7xx_HAL_Driver/Src/stm32f7xx_hal_cortex.o
 .text.__NVIC_SetPriority
                0x0000000008006ae0       0x54 Drivers/STM32F7xx_HAL_Driver/Src/stm32f7xx_hal_cortex.o
 .text.NVIC_EncodePriority
                0x0000000008006b34       0x66 Drivers/STM32F7xx_HAL_Driver/Src/stm32f7xx_hal_cortex.o
 *fill*         0x0000000008006b9a        0x2 
 .text.SysTick_Config
                0x0000000008006b9c       0x44 Drivers/STM32F7xx_HAL_Driver/Src/stm32f7xx_hal_cortex.o
 .text.HAL_NVIC_SetPriorityGrouping
                0x0000000008006be0       0x16 Drivers/STM32F7xx_HAL_Driver/Src/stm32f7xx_hal_cortex.o
                0x0000000008006be0                HAL_NVIC_SetPriorityGrouping
 .text.HAL_NVIC_SetPriority
                0x0000000008006bf6       0x38 Drivers/STM32F7xx_HAL_Driver/Src/stm32f7xx_hal_cortex.o
                0x0000000008006bf6                HAL_NVIC_SetPriority
 .text.HAL_SYSTICK_Config
                0x0000000008006c2e       0x18 Drivers/STM32F7xx_HAL_Driver/Src/stm32f7xx_hal_cortex.o
                0x0000000008006c2e                HAL_SYSTICK_Config
 *fill*         0x0000000008006c46        0x2 
 .text.HAL_CRC_Init
                0x0000000008006c48       0xc8 Drivers/STM32F7xx_HAL_Driver/Src/stm32f7xx_hal_crc.o
                0x0000000008006c48                HAL_CRC_Init
 .text.HAL_CRCEx_Polynomial_Set
                0x0000000008006d10      0x10c Drivers/STM32F7xx_HAL_Driver/Src/stm32f7xx_hal_crc_ex.o
                0x0000000008006d10                HAL_CRCEx_Polynomial_Set
 .text.HAL_GPIO_Init
                0x0000000008006e1c      0x354 Drivers/STM32F7xx_HAL_Driver/Src/stm32f7xx_hal_gpio.o
                0x0000000008006e1c                HAL_GPIO_Init
 .text.HAL_I2C_Init
                0x0000000008007170      0x120 Drivers/STM32F7xx_HAL_Driver/Src/stm32f7xx_hal_i2c.o
                0x0000000008007170                HAL_I2C_Init
 .text.HAL_I2C_Master_Transmit
                0x0000000008007290      0x1e8 Drivers/STM32F7xx_HAL_Driver/Src/stm32f7xx_hal_i2c.o
                0x0000000008007290                HAL_I2C_Master_Transmit
 .text.HAL_I2C_Master_Receive
                0x0000000008007478      0x1ec Drivers/STM32F7xx_HAL_Driver/Src/stm32f7xx_hal_i2c.o
                0x0000000008007478                HAL_I2C_Master_Receive
 .text.I2C_Flush_TXDR
                0x0000000008007664       0x48 Drivers/STM32F7xx_HAL_Driver/Src/stm32f7xx_hal_i2c.o
 .text.I2C_WaitOnFlagUntilTimeout
                0x00000000080076ac       0x80 Drivers/STM32F7xx_HAL_Driver/Src/stm32f7xx_hal_i2c.o
 .text.I2C_WaitOnTXISFlagUntilTimeout
                0x000000000800772c       0x80 Drivers/STM32F7xx_HAL_Driver/Src/stm32f7xx_hal_i2c.o
 .text.I2C_WaitOnSTOPFlagUntilTimeout
                0x00000000080077ac       0x78 Drivers/STM32F7xx_HAL_Driver/Src/stm32f7xx_hal_i2c.o
 .text.I2C_WaitOnRXNEFlagUntilTimeout
                0x0000000008007824       0xd8 Drivers/STM32F7xx_HAL_Driver/Src/stm32f7xx_hal_i2c.o
 .text.I2C_IsAcknowledgeFailed
                0x00000000080078fc       0xcc Drivers/STM32F7xx_HAL_Driver/Src/stm32f7xx_hal_i2c.o
 .text.I2C_TransferConfig
                0x00000000080079c8       0x5c Drivers/STM32F7xx_HAL_Driver/Src/stm32f7xx_hal_i2c.o
 .text.HAL_I2CEx_ConfigAnalogFilter
                0x0000000008007a24       0x96 Drivers/STM32F7xx_HAL_Driver/Src/stm32f7xx_hal_i2c_ex.o
                0x0000000008007a24                HAL_I2CEx_ConfigAnalogFilter
 .text.HAL_I2CEx_ConfigDigitalFilter
                0x0000000008007aba       0x98 Drivers/STM32F7xx_HAL_Driver/Src/stm32f7xx_hal_i2c_ex.o
                0x0000000008007aba                HAL_I2CEx_ConfigDigitalFilter
 *fill*         0x0000000008007b52        0x2 
 .text.HAL_RCC_OscConfig
                0x0000000008007b54      0x4e4 Drivers/STM32F7xx_HAL_Driver/Src/stm32f7xx_hal_rcc.o
                0x0000000008007b54                HAL_RCC_OscConfig
 .text.HAL_RCC_ClockConfig
                0x0000000008008038      0x1d0 Drivers/STM32F7xx_HAL_Driver/Src/stm32f7xx_hal_rcc.o
                0x0000000008008038                HAL_RCC_ClockConfig
 .text.HAL_RCC_GetSysClockFreq
                0x0000000008008208      0x164 Drivers/STM32F7xx_HAL_Driver/Src/stm32f7xx_hal_rcc.o
                0x0000000008008208                HAL_RCC_GetSysClockFreq
 .text.HAL_RCC_GetHCLKFreq
                0x000000000800836c       0x18 Drivers/STM32F7xx_HAL_Driver/Src/stm32f7xx_hal_rcc.o
                0x000000000800836c                HAL_RCC_GetHCLKFreq
 .text.HAL_RCC_GetPCLK1Freq
                0x0000000008008384       0x28 Drivers/STM32F7xx_HAL_Driver/Src/stm32f7xx_hal_rcc.o
                0x0000000008008384                HAL_RCC_GetPCLK1Freq
 .text.HAL_RCC_GetPCLK2Freq
                0x00000000080083ac       0x28 Drivers/STM32F7xx_HAL_Driver/Src/stm32f7xx_hal_rcc.o
                0x00000000080083ac                HAL_RCC_GetPCLK2Freq
 .text.HAL_RCCEx_PeriphCLKConfig
                0x00000000080083d4      0x84c Drivers/STM32F7xx_HAL_Driver/Src/stm32f7xx_hal_rcc_ex.o
                0x00000000080083d4                HAL_RCCEx_PeriphCLKConfig
 .text.HAL_UART_Init
                0x0000000008008c20       0x9c Drivers/STM32F7xx_HAL_Driver/Src/stm32f7xx_hal_uart.o
                0x0000000008008c20                HAL_UART_Init
 .text.HAL_UART_Transmit
                0x0000000008008cbc      0x122 Drivers/STM32F7xx_HAL_Driver/Src/stm32f7xx_hal_uart.o
                0x0000000008008cbc                HAL_UART_Transmit
 .text.HAL_UART_Receive
                0x0000000008008dde      0x198 Drivers/STM32F7xx_HAL_Driver/Src/stm32f7xx_hal_uart.o
                0x0000000008008dde                HAL_UART_Receive
 *fill*         0x0000000008008f76        0x2 
 .text.UART_SetConfig
                0x0000000008008f78      0x548 Drivers/STM32F7xx_HAL_Driver/Src/stm32f7xx_hal_uart.o
                0x0000000008008f78                UART_SetConfig
 .text.UART_AdvFeatureConfig
                0x00000000080094c0      0x144 Drivers/STM32F7xx_HAL_Driver/Src/stm32f7xx_hal_uart.o
                0x00000000080094c0                UART_AdvFeatureConfig
 .text.UART_CheckIdleState
                0x0000000008009604       0x5e Drivers/STM32F7xx_HAL_Driver/Src/stm32f7xx_hal_uart.o
                0x0000000008009604                UART_CheckIdleState
 .text.UART_WaitOnFlagUntilTimeout
                0x0000000008009662       0x90 Drivers/STM32F7xx_HAL_Driver/Src/stm32f7xx_hal_uart.o
                0x0000000008009662                UART_WaitOnFlagUntilTimeout
 *fill*         0x00000000080096f2        0x2 
 .text.aiPbMgrInit
                0x00000000080096f4       0x78 Middlewares/ST/Application/Validation/Src/aiPbMgr.o
                0x00000000080096f4                aiPbMgrInit
 .text.aiPbMgrSendResp
                0x000000000800976c       0x3c Middlewares/ST/Application/Validation/Src/aiPbMgr.o
                0x000000000800976c                aiPbMgrSendResp
 .text.aiPbMgrSendAck
                0x00000000080097a8       0x36 Middlewares/ST/Application/Validation/Src/aiPbMgr.o
                0x00000000080097a8                aiPbMgrSendAck
 *fill*         0x00000000080097de        0x2 
 .text.aiPbMgrWaitAck
                0x00000000080097e0       0x34 Middlewares/ST/Application/Validation/Src/aiPbMgr.o
                0x00000000080097e0                aiPbMgrWaitAck
 .text.aiPbAiBufferSize
                0x0000000008009814       0x3a Middlewares/ST/Application/Validation/Src/aiPbMgr.o
                0x0000000008009814                aiPbAiBufferSize
 .text.aiPbMsgFmtToAiFmt
                0x000000000800984e       0x16 Middlewares/ST/Application/Validation/Src/aiPbMgr.o
 .text.aiPbAiFmtToMsgFmt
                0x0000000008009864       0x16 Middlewares/ST/Application/Validation/Src/aiPbMgr.o
 .text.aiPbBufferGetItemSize
                0x000000000800987a       0x20 Middlewares/ST/Application/Validation/Src/aiPbMgr.o
 .text.aiPbBuffer_read_cb3
                0x000000000800989a      0x11e Middlewares/ST/Application/Validation/Src/aiPbMgr.o
 .text.aiPbBuffer_write_cb3
                0x00000000080099b8       0x8c Middlewares/ST/Application/Validation/Src/aiPbMgr.o
 .text.aiPbMgrReceiveAiBuffer3
                0x0000000008009a44       0xac Middlewares/ST/Application/Validation/Src/aiPbMgr.o
                0x0000000008009a44                aiPbMgrReceiveAiBuffer3
 .text.aiPbMgrSendAiBuffer3
                0x0000000008009af0       0xc4 Middlewares/ST/Application/Validation/Src/aiPbMgr.o
                0x0000000008009af0                aiPbMgrSendAiBuffer3
 .text.aiPbCmdSync
                0x0000000008009bb4       0x44 Middlewares/ST/Application/Validation/Src/aiPbMgr.o
                0x0000000008009bb4                aiPbCmdSync
 .text.aiPbCmdSysInfo
                0x0000000008009bf8       0x4c Middlewares/ST/Application/Validation/Src/aiPbMgr.o
                0x0000000008009bf8                aiPbCmdSysInfo
 .text.init_aibuffer_msg
                0x0000000008009c44       0x56 Middlewares/ST/Application/Validation/Src/aiPbMgr.o
 *fill*         0x0000000008009c9a        0x2 
 .text.nn_shape_w_cb
                0x0000000008009c9c       0x84 Middlewares/ST/Application/Validation/Src/aiPbMgr.o
 .text.nn_inputs_w_cb
                0x0000000008009d20       0x34 Middlewares/ST/Application/Validation/Src/aiPbMgr.o
 .text.nn_outputs_w_cb
                0x0000000008009d54       0x34 Middlewares/ST/Application/Validation/Src/aiPbMgr.o
 .text.aiPbStrCopy
                0x0000000008009d88       0x78 Middlewares/ST/Application/Validation/Src/aiPbMgr.o
                0x0000000008009d88                aiPbStrCopy
 .text.aiPbVersionToUint32
                0x0000000008009e00       0x3a Middlewares/ST/Application/Validation/Src/aiPbMgr.o
                0x0000000008009e00                aiPbVersionToUint32
 *fill*         0x0000000008009e3a        0x2 
 .text.aiPbMgrSendNNInfo
                0x0000000008009e3c      0x170 Middlewares/ST/Application/Validation/Src/aiPbMgr.o
                0x0000000008009e3c                aiPbMgrSendNNInfo
 .text.crcIpInit
                0x0000000008009fac       0x40 Middlewares/ST/Application/Validation/Src/aiTestUtility.o
                0x0000000008009fac                crcIpInit
 .text.dwtIpInit
                0x0000000008009fec       0x44 Middlewares/ST/Application/Validation/Src/aiTestUtility.o
                0x0000000008009fec                dwtIpInit
 .text.dwtReset
                0x000000000800a030       0x18 Middlewares/ST/Application/Validation/Src/aiTestUtility.o
                0x000000000800a030                dwtReset
 .text.dwtGetCycles
                0x000000000800a048       0x18 Middlewares/ST/Application/Validation/Src/aiTestUtility.o
                0x000000000800a048                dwtGetCycles
 .text.systemCoreClock
                0x000000000800a060        0xe Middlewares/ST/Application/Validation/Src/aiTestUtility.o
                0x000000000800a060                systemCoreClock
 *fill*         0x000000000800a06e        0x2 
 .text.dwtCyclesToFloatMs
                0x000000000800a070       0x50 Middlewares/ST/Application/Validation/Src/aiTestUtility.o
                0x000000000800a070                dwtCyclesToFloatMs
 .text.devIdToStr
                0x000000000800a0c0      0x208 Middlewares/ST/Application/Validation/Src/aiTestUtility.o
 .text.bitToStr
                0x000000000800a2c8       0x28 Middlewares/ST/Application/Validation/Src/aiTestUtility.o
 .text.getFlashCacheConf
                0x000000000800a2f0       0x18 Middlewares/ST/Application/Validation/Src/aiTestUtility.o
                0x000000000800a2f0                getFlashCacheConf
 .text.logDeviceConf
                0x000000000800a308      0x188 Middlewares/ST/Application/Validation/Src/aiTestUtility.o
                0x000000000800a308                logDeviceConf
 .text.disableInts
                0x000000000800a490       0x20 Middlewares/ST/Application/Validation/Src/aiTestUtility.o
                0x000000000800a490                disableInts
 .text.restoreInts
                0x000000000800a4b0       0x1e Middlewares/ST/Application/Validation/Src/aiTestUtility.o
                0x000000000800a4b0                restoreInts
 *fill*         0x000000000800a4ce        0x2 
 .text._write   0x000000000800a4d0       0x6c Middlewares/ST/Application/Validation/Src/aiTestUtility.o
                0x000000000800a4d0                _write
 .text.aiLogErr
                0x000000000800a53c       0x48 Middlewares/ST/Application/Validation/Src/aiTestUtility.o
                0x000000000800a53c                aiLogErr
 .text.aiBufferSize
                0x000000000800a584       0x2c Middlewares/ST/Application/Validation/Src/aiTestUtility.o
                0x000000000800a584                aiBufferSize
 .text.aiPrintLayoutBuffer
                0x000000000800a5b0      0x124 Middlewares/ST/Application/Validation/Src/aiTestUtility.o
 .text.aiPrintNetworkInfo
                0x000000000800a6d4      0x17c Middlewares/ST/Application/Validation/Src/aiTestUtility.o
                0x000000000800a6d4                aiPrintNetworkInfo
 .text.aiTestHeader
                0x000000000800a850       0x48 Middlewares/ST/Application/Validation/Src/aiTestUtility.o
                0x000000000800a850                aiTestHeader
 .text.write_packet
                0x000000000800a898       0x34 Middlewares/ST/Application/Validation/Src/aiTestUtility.o
 .text.ioFlushWrite
                0x000000000800a8cc       0x24 Middlewares/ST/Application/Validation/Src/aiTestUtility.o
                0x000000000800a8cc                ioFlushWrite
 .text.write_callback
                0x000000000800a8f0       0x78 Middlewares/ST/Application/Validation/Src/aiTestUtility.o
 .text.read_packet
                0x000000000800a968       0x40 Middlewares/ST/Application/Validation/Src/aiTestUtility.o
 .text.ioFlushRead
                0x000000000800a9a8       0x24 Middlewares/ST/Application/Validation/Src/aiTestUtility.o
                0x000000000800a9a8                ioFlushRead
 .text.read_callback
                0x000000000800a9cc       0xc0 Middlewares/ST/Application/Validation/Src/aiTestUtility.o
 .text.pb_ostream_to_uart
                0x000000000800aa8c       0x48 Middlewares/ST/Application/Validation/Src/aiTestUtility.o
                0x000000000800aa8c                pb_ostream_to_uart
 .text.pb_istream_from_uart
                0x000000000800aad4       0x44 Middlewares/ST/Application/Validation/Src/aiTestUtility.o
                0x000000000800aad4                pb_istream_from_uart
 .text.aiOnExecNode_cb
                0x000000000800ab18      0x106 Middlewares/ST/Application/Validation/Src/aiValidation.o
 *fill*         0x000000000800ac1e        0x2 
 .text.aiExecCtx
                0x000000000800ac20       0xb4 Middlewares/ST/Application/Validation/Src/aiValidation.o
 .text.aiSetPbContext
                0x000000000800acd4       0x30 Middlewares/ST/Application/Validation/Src/aiValidation.o
 .text.aiBootstrap
                0x000000000800ad04      0x180 Middlewares/ST/Application/Validation/Src/aiValidation.o
 .text.aiInspectorGetReport
                0x000000000800ae84       0x5a Middlewares/ST/Application/Validation/Src/aiValidation.o
 .text.aiInspectorSendReport
                0x000000000800aede       0x7a Middlewares/ST/Application/Validation/Src/aiValidation.o
 .text.aiInspectorUnBind
                0x000000000800af58       0x44 Middlewares/ST/Application/Validation/Src/aiValidation.o
 .text.aiInspectorBind
                0x000000000800af9c       0x68 Middlewares/ST/Application/Validation/Src/aiValidation.o
 .text.aiInspectorInitAndBind
                0x000000000800b004       0xac Middlewares/ST/Application/Validation/Src/aiValidation.o
 .text.aiInspectorUnbindAndDestroy
                0x000000000800b0b0       0x30 Middlewares/ST/Application/Validation/Src/aiValidation.o
 .text.aiInit   0x000000000800b0e0       0xbc Middlewares/ST/Application/Validation/Src/aiValidation.o
 .text.aiPbCmdNNInfo
                0x000000000800b19c       0x4e Middlewares/ST/Application/Validation/Src/aiValidation.o
                0x000000000800b19c                aiPbCmdNNInfo
 *fill*         0x000000000800b1ea        0x2 
 .text.aiPbCmdNNRun
                0x000000000800b1ec      0x1fc Middlewares/ST/Application/Validation/Src/aiValidation.o
                0x000000000800b1ec                aiPbCmdNNRun
 .text.aiValidationInit
                0x000000000800b3e8       0x64 Middlewares/ST/Application/Validation/Src/aiValidation.o
                0x000000000800b3e8                aiValidationInit
 .text.aiValidationProcess
                0x000000000800b44c      0x108 Middlewares/ST/Application/Validation/Src/aiValidation.o
                0x000000000800b44c                aiValidationProcess
 .text.printLabel
                0x000000000800b554       0xb8 Middlewares/ST/Application/Validation/Src/aiValidation.o
                0x000000000800b554                printLabel
 .text.pb_field_iter_begin
                0x000000000800b60c       0x6a Middlewares/ST/Application/Validation/Src/pb_common.o
                0x000000000800b60c                pb_field_iter_begin
 .text.pb_field_iter_next
                0x000000000800b676      0x10c Middlewares/ST/Application/Validation/Src/pb_common.o
                0x000000000800b676                pb_field_iter_next
 .text.pb_field_iter_find
                0x000000000800b782       0x4c Middlewares/ST/Application/Validation/Src/pb_common.o
                0x000000000800b782                pb_field_iter_find
 .text.buf_read
                0x000000000800b7ce       0x56 Middlewares/ST/Application/Validation/Src/pb_decode.o
 .text.pb_read  0x000000000800b824       0xd0 Middlewares/ST/Application/Validation/Src/pb_decode.o
                0x000000000800b824                pb_read
 .text.pb_readbyte
                0x000000000800b8f4       0x78 Middlewares/ST/Application/Validation/Src/pb_decode.o
 .text.pb_istream_from_buffer
                0x000000000800b96c       0x3c Middlewares/ST/Application/Validation/Src/pb_decode.o
                0x000000000800b96c                pb_istream_from_buffer
 .text.pb_decode_varint32_eof
                0x000000000800b9a8      0x114 Middlewares/ST/Application/Validation/Src/pb_decode.o
 .text.pb_decode_varint32
                0x000000000800babc       0x1e Middlewares/ST/Application/Validation/Src/pb_decode.o
                0x000000000800babc                pb_decode_varint32
 *fill*         0x000000000800bada        0x2 
 .text.pb_decode_varint
                0x000000000800badc       0xc4 Middlewares/ST/Application/Validation/Src/pb_decode.o
                0x000000000800badc                pb_decode_varint
 .text.pb_skip_varint
                0x000000000800bba0       0x38 Middlewares/ST/Application/Validation/Src/pb_decode.o
 .text.pb_skip_string
                0x000000000800bbd8       0x3a Middlewares/ST/Application/Validation/Src/pb_decode.o
 .text.pb_decode_tag
                0x000000000800bc12       0x6e Middlewares/ST/Application/Validation/Src/pb_decode.o
                0x000000000800bc12                pb_decode_tag
 .text.pb_skip_field
                0x000000000800bc80       0x84 Middlewares/ST/Application/Validation/Src/pb_decode.o
                0x000000000800bc80                pb_skip_field
 .text.read_raw_value
                0x000000000800bd04       0xb8 Middlewares/ST/Application/Validation/Src/pb_decode.o
 .text.pb_make_string_substream
                0x000000000800bdbc       0x74 Middlewares/ST/Application/Validation/Src/pb_decode.o
                0x000000000800bdbc                pb_make_string_substream
 .text.pb_close_string_substream
                0x000000000800be30       0x4a Middlewares/ST/Application/Validation/Src/pb_decode.o
                0x000000000800be30                pb_close_string_substream
 *fill*         0x000000000800be7a        0x2 
 .text.decode_static_field
                0x000000000800be7c      0x244 Middlewares/ST/Application/Validation/Src/pb_decode.o
 .text.decode_pointer_field
                0x000000000800c0c0       0x34 Middlewares/ST/Application/Validation/Src/pb_decode.o
 .text.decode_callback_field
                0x000000000800c0f4      0x110 Middlewares/ST/Application/Validation/Src/pb_decode.o
 .text.decode_field
                0x000000000800c204       0x78 Middlewares/ST/Application/Validation/Src/pb_decode.o
 .text.iter_from_extension
                0x000000000800c27c       0x4e Middlewares/ST/Application/Validation/Src/pb_decode.o
 .text.default_extension_decoder
                0x000000000800c2ca       0x52 Middlewares/ST/Application/Validation/Src/pb_decode.o
 .text.decode_extension
                0x000000000800c31c       0x80 Middlewares/ST/Application/Validation/Src/pb_decode.o
 .text.find_extension_field
                0x000000000800c39c       0x3a Middlewares/ST/Application/Validation/Src/pb_decode.o
 .text.pb_field_set_to_default
                0x000000000800c3d6      0x156 Middlewares/ST/Application/Validation/Src/pb_decode.o
 .text.pb_message_set_to_defaults
                0x000000000800c52c       0x48 Middlewares/ST/Application/Validation/Src/pb_decode.o
 .text.pb_decode_noinit
                0x000000000800c574      0x2d4 Middlewares/ST/Application/Validation/Src/pb_decode.o
                0x000000000800c574                pb_decode_noinit
 .text.pb_decode
                0x000000000800c848       0x2c Middlewares/ST/Application/Validation/Src/pb_decode.o
                0x000000000800c848                pb_decode
 .text.pb_decode_delimited
                0x000000000800c874       0x64 Middlewares/ST/Application/Validation/Src/pb_decode.o
                0x000000000800c874                pb_decode_delimited
 .text.pb_decode_svarint
                0x000000000800c8d8       0x76 Middlewares/ST/Application/Validation/Src/pb_decode.o
                0x000000000800c8d8                pb_decode_svarint
 .text.pb_decode_fixed32
                0x000000000800c94e       0x4c Middlewares/ST/Application/Validation/Src/pb_decode.o
                0x000000000800c94e                pb_decode_fixed32
 .text.pb_decode_fixed64
                0x000000000800c99a      0x10e Middlewares/ST/Application/Validation/Src/pb_decode.o
                0x000000000800c99a                pb_decode_fixed64
 .text.pb_dec_varint
                0x000000000800caa8      0x12c Middlewares/ST/Application/Validation/Src/pb_decode.o
 .text.pb_dec_uvarint
                0x000000000800cbd4      0x10c Middlewares/ST/Application/Validation/Src/pb_decode.o
 .text.pb_dec_svarint
                0x000000000800cce0      0x110 Middlewares/ST/Application/Validation/Src/pb_decode.o
 .text.pb_dec_fixed32
                0x000000000800cdf0       0x1e Middlewares/ST/Application/Validation/Src/pb_decode.o
 .text.pb_dec_fixed64
                0x000000000800ce0e       0x1e Middlewares/ST/Application/Validation/Src/pb_decode.o
 .text.pb_dec_bytes
                0x000000000800ce2c       0xec Middlewares/ST/Application/Validation/Src/pb_decode.o
 .text.pb_dec_string
                0x000000000800cf18       0xcc Middlewares/ST/Application/Validation/Src/pb_decode.o
 .text.pb_dec_submessage
                0x000000000800cfe4       0xb4 Middlewares/ST/Application/Validation/Src/pb_decode.o
 .text.pb_dec_fixed_length_bytes
                0x000000000800d098       0xb0 Middlewares/ST/Application/Validation/Src/pb_decode.o
 .text.pb_write
                0x000000000800d148       0x8c Middlewares/ST/Application/Validation/Src/pb_encode.o
                0x000000000800d148                pb_write
 .text.encode_array
                0x000000000800d1d4      0x21c Middlewares/ST/Application/Validation/Src/pb_encode.o
 .text.pb_check_proto3_default_value
                0x000000000800d3f0      0x19a Middlewares/ST/Application/Validation/Src/pb_encode.o
 *fill*         0x000000000800d58a        0x2 
 .text.encode_basic_field
                0x000000000800d58c      0x1fc Middlewares/ST/Application/Validation/Src/pb_encode.o
 .text.encode_callback_field
                0x000000000800d788       0x5c Middlewares/ST/Application/Validation/Src/pb_encode.o
 .text.encode_field
                0x000000000800d7e4       0x60 Middlewares/ST/Application/Validation/Src/pb_encode.o
 .text.default_extension_encoder
                0x000000000800d844       0x48 Middlewares/ST/Application/Validation/Src/pb_encode.o
 .text.encode_extension_field
                0x000000000800d88c       0x62 Middlewares/ST/Application/Validation/Src/pb_encode.o
 .text.pb_const_cast
                0x000000000800d8ee       0x1a Middlewares/ST/Application/Validation/Src/pb_encode.o
 .text.pb_encode
                0x000000000800d908       0x8e Middlewares/ST/Application/Validation/Src/pb_encode.o
                0x000000000800d908                pb_encode
 .text.pb_encode_varint
                0x000000000800d996       0xa6 Middlewares/ST/Application/Validation/Src/pb_encode.o
                0x000000000800d996                pb_encode_varint
 .text.pb_encode_svarint
                0x000000000800da3c       0x56 Middlewares/ST/Application/Validation/Src/pb_encode.o
                0x000000000800da3c                pb_encode_svarint
 .text.pb_encode_fixed32
                0x000000000800da92       0x46 Middlewares/ST/Application/Validation/Src/pb_encode.o
                0x000000000800da92                pb_encode_fixed32
 .text.pb_encode_fixed64
                0x000000000800dad8       0xc8 Middlewares/ST/Application/Validation/Src/pb_encode.o
                0x000000000800dad8                pb_encode_fixed64
 .text.pb_encode_tag
                0x000000000800dba0       0x48 Middlewares/ST/Application/Validation/Src/pb_encode.o
                0x000000000800dba0                pb_encode_tag
 .text.pb_encode_tag_for_field
                0x000000000800dbe8       0x94 Middlewares/ST/Application/Validation/Src/pb_encode.o
                0x000000000800dbe8                pb_encode_tag_for_field
 .text.pb_encode_string
                0x000000000800dc7c       0x40 Middlewares/ST/Application/Validation/Src/pb_encode.o
                0x000000000800dc7c                pb_encode_string
 .text.pb_encode_submessage
                0x000000000800dcbc      0x11c Middlewares/ST/Application/Validation/Src/pb_encode.o
                0x000000000800dcbc                pb_encode_submessage
 .text.pb_enc_varint
                0x000000000800ddd8       0xbc Middlewares/ST/Application/Validation/Src/pb_encode.o
 .text.pb_enc_uvarint
                0x000000000800de94       0xb4 Middlewares/ST/Application/Validation/Src/pb_encode.o
 .text.pb_enc_svarint
                0x000000000800df48       0xb8 Middlewares/ST/Application/Validation/Src/pb_encode.o
 .text.pb_enc_fixed64
                0x000000000800e000       0x1e Middlewares/ST/Application/Validation/Src/pb_encode.o
 .text.pb_enc_fixed32
                0x000000000800e01e       0x1e Middlewares/ST/Application/Validation/Src/pb_encode.o
 .text.pb_enc_bytes
                0x000000000800e03c       0x7c Middlewares/ST/Application/Validation/Src/pb_encode.o
 .text.pb_enc_string
                0x000000000800e0b8       0x6c Middlewares/ST/Application/Validation/Src/pb_encode.o
 .text.pb_enc_submessage
                0x000000000800e124       0x4c Middlewares/ST/Application/Validation/Src/pb_encode.o
 .text.pb_enc_fixed_length_bytes
                0x000000000800e170       0x28 Middlewares/ST/Application/Validation/Src/pb_encode.o
 .text.MX_X_CUBE_AI_Init
                0x000000000800e198       0x10 Src/app_x-cube-ai.o
                0x000000000800e198                MX_X_CUBE_AI_Init
 .text.MX_X_CUBE_AI_Process
                0x000000000800e1a8       0x16 Src/app_x-cube-ai.o
                0x000000000800e1a8                MX_X_CUBE_AI_Process
 .text.ai_mnetwork_is_valid
                0x000000000800e1be       0x56 Src/app_x-cube-ai.o
 .text.ai_mnetwork_handle
                0x000000000800e214       0x74 Src/app_x-cube-ai.o
 .text.ai_mnetwork_release_handle
                0x000000000800e288       0x58 Src/app_x-cube-ai.o
 .text.ai_mnetwork_find
                0x000000000800e2e0       0x60 Src/app_x-cube-ai.o
                0x000000000800e2e0                ai_mnetwork_find
 .text.ai_mnetwork_create
                0x000000000800e340       0xd8 Src/app_x-cube-ai.o
                0x000000000800e340                ai_mnetwork_create
 .text.ai_mnetwork_destroy
                0x000000000800e418       0x44 Src/app_x-cube-ai.o
                0x000000000800e418                ai_mnetwork_destroy
 .text.ai_mnetwork_get_info
                0x000000000800e45c       0x36 Src/app_x-cube-ai.o
                0x000000000800e45c                ai_mnetwork_get_info
 .text.ai_mnetwork_get_error
                0x000000000800e492       0x40 Src/app_x-cube-ai.o
                0x000000000800e492                ai_mnetwork_get_error
 .text.ai_mnetwork_init
                0x000000000800e4d2       0x9a Src/app_x-cube-ai.o
                0x000000000800e4d2                ai_mnetwork_init
 .text.ai_mnetwork_run
                0x000000000800e56c       0x38 Src/app_x-cube-ai.o
                0x000000000800e56c                ai_mnetwork_run
 .text.ai_mnetwork_get_private_handle
                0x000000000800e5a4       0x58 Src/app_x-cube-ai.o
                0x000000000800e5a4                ai_mnetwork_get_private_handle
 .text.bno055_setPage
                0x000000000800e5fc       0x1c Src/bno055.o
                0x000000000800e5fc                bno055_setPage
 .text.bno055_setOperationMode
                0x000000000800e618       0x22 Src/bno055.o
                0x000000000800e618                bno055_setOperationMode
 .text.bno055_setOperationModeConfig
                0x000000000800e63a        0xe Src/bno055.o
                0x000000000800e63a                bno055_setOperationModeConfig
 .text.bno055_setOperationModeAMG
                0x000000000800e648        0xe Src/bno055.o
                0x000000000800e648                bno055_setOperationModeAMG
 .text.bno055_reset
                0x000000000800e656       0x18 Src/bno055.o
                0x000000000800e656                bno055_reset
 *fill*         0x000000000800e66e        0x2 
 .text.bno055_setup
                0x000000000800e670       0x50 Src/bno055.o
                0x000000000800e670                bno055_setup
 .text.bno055_getVector
                0x000000000800e6c0      0x17c Src/bno055.o
                0x000000000800e6c0                bno055_getVector
 .text.bno055_getVectorAccelerometer
                0x000000000800e83c       0x4e Src/bno055.o
                0x000000000800e83c                bno055_getVectorAccelerometer
 *fill*         0x000000000800e88a        0x2 
 .text.SCB_EnableICache
                0x000000000800e88c       0x40 Src/main.o
 .text.SCB_EnableDCache
                0x000000000800e8cc       0x80 Src/main.o
 .text.bno055_assignI2C
                0x000000000800e94c       0x20 Src/main.o
                0x000000000800e94c                bno055_assignI2C
 .text.bno055_delay
                0x000000000800e96c       0x18 Src/main.o
                0x000000000800e96c                bno055_delay
 .text.bno055_writeData
                0x000000000800e984       0x40 Src/main.o
                0x000000000800e984                bno055_writeData
 .text.bno055_readData
                0x000000000800e9c4       0x44 Src/main.o
                0x000000000800e9c4                bno055_readData
 .text.main     0x000000000800ea08      0x100 Src/main.o
                0x000000000800ea08                main
 .text.SystemClock_Config
                0x000000000800eb08      0x11c Src/main.o
                0x000000000800eb08                SystemClock_Config
 .text.MX_CRC_Init
                0x000000000800ec24       0x44 Src/main.o
 .text.MX_I2C1_Init
                0x000000000800ec68       0x7c Src/main.o
 .text.MX_USART3_UART_Init
                0x000000000800ece4       0x60 Src/main.o
                0x000000000800ece4                MX_USART3_UART_Init
 .text.MX_GPIO_Init
                0x000000000800ed44       0x60 Src/main.o
 .text.Error_Handler
                0x000000000800eda4        0xe Src/main.o
                0x000000000800eda4                Error_Handler
 *fill*         0x000000000800edb2        0x2 
 .text.network_configure_activations
                0x000000000800edb4       0xcc Src/network.o
 .text.network_configure_weights
                0x000000000800ee80      0x144 Src/network.o
 .text.ai_network_get_info
                0x000000000800efc4       0xc8 Src/network.o
                0x000000000800efc4                ai_network_get_info
 .text.ai_network_get_error
                0x000000000800f08c       0x18 Src/network.o
                0x000000000800f08c                ai_network_get_error
 .text.ai_network_create
                0x000000000800f0a4       0x2c Src/network.o
                0x000000000800f0a4                ai_network_create
 .text.ai_network_destroy
                0x000000000800f0d0       0x18 Src/network.o
                0x000000000800f0d0                ai_network_destroy
 .text.ai_network_init
                0x000000000800f0e8       0x66 Src/network.o
                0x000000000800f0e8                ai_network_init
 .text.ai_network_run
                0x000000000800f14e       0x20 Src/network.o
                0x000000000800f14e                ai_network_run
 .text.ai_network_forward
                0x000000000800f16e       0x1e Src/network.o
                0x000000000800f16e                ai_network_forward
 .text.ai_network_data_weights_get
                0x000000000800f18c       0x14 Src/network_data.o
                0x000000000800f18c                ai_network_data_weights_get
 .text.HAL_MspInit
                0x000000000800f1a0       0x48 Src/stm32f7xx_hal_msp.o
                0x000000000800f1a0                HAL_MspInit
 .text.HAL_CRC_MspInit
                0x000000000800f1e8       0x40 Src/stm32f7xx_hal_msp.o
                0x000000000800f1e8                HAL_CRC_MspInit
 .text.HAL_I2C_MspInit
                0x000000000800f228       0x88 Src/stm32f7xx_hal_msp.o
                0x000000000800f228                HAL_I2C_MspInit
 .text.HAL_UART_MspInit
                0x000000000800f2b0       0x88 Src/stm32f7xx_hal_msp.o
                0x000000000800f2b0                HAL_UART_MspInit
 .text.NMI_Handler
                0x000000000800f338        0xe Src/stm32f7xx_it.o
                0x000000000800f338                NMI_Handler
 .text.HardFault_Handler
                0x000000000800f346        0x6 Src/stm32f7xx_it.o
                0x000000000800f346                HardFault_Handler
 .text.MemManage_Handler
                0x000000000800f34c        0x6 Src/stm32f7xx_it.o
                0x000000000800f34c                MemManage_Handler
 .text.BusFault_Handler
                0x000000000800f352        0x6 Src/stm32f7xx_it.o
                0x000000000800f352                BusFault_Handler
 .text.UsageFault_Handler
                0x000000000800f358        0x6 Src/stm32f7xx_it.o
                0x000000000800f358                UsageFault_Handler
 .text.SVC_Handler
                0x000000000800f35e        0xe Src/stm32f7xx_it.o
                0x000000000800f35e                SVC_Handler
 .text.DebugMon_Handler
                0x000000000800f36c        0xe Src/stm32f7xx_it.o
                0x000000000800f36c                DebugMon_Handler
 .text.PendSV_Handler
                0x000000000800f37a        0xe Src/stm32f7xx_it.o
                0x000000000800f37a                PendSV_Handler
 .text.SysTick_Handler
                0x000000000800f388        0xc Src/stm32f7xx_it.o
                0x000000000800f388                SysTick_Handler
 .text._read    0x000000000800f394       0x3a Src/syscalls.o
                0x000000000800f394                _read
 .text._close   0x000000000800f3ce       0x18 Src/syscalls.o
                0x000000000800f3ce                _close
 .text._fstat   0x000000000800f3e6       0x20 Src/syscalls.o
                0x000000000800f3e6                _fstat
 .text._isatty  0x000000000800f406       0x16 Src/syscalls.o
                0x000000000800f406                _isatty
 .text._lseek   0x000000000800f41c       0x1a Src/syscalls.o
                0x000000000800f41c                _lseek
 *fill*         0x000000000800f436        0x2 
 .text._sbrk    0x000000000800f438       0x58 Src/sysmem.o
                0x000000000800f438                _sbrk
 .text.SystemInit
                0x000000000800f490       0x6c Src/system_stm32f7xx.o
                0x000000000800f490                SystemInit
 .text.Reset_Handler
                0x000000000800f4fc       0x50 Startup/startup_stm32f767zitx.o
                0x000000000800f4fc                Reset_Handler
 .text.Default_Handler
                0x000000000800f54c        0x2 Startup/startup_stm32f767zitx.o
                0x000000000800f54c                RTC_Alarm_IRQHandler
                0x000000000800f54c                EXTI2_IRQHandler
                0x000000000800f54c                TIM8_CC_IRQHandler
                0x000000000800f54c                UART8_IRQHandler
                0x000000000800f54c                SPI4_IRQHandler
                0x000000000800f54c                TIM1_CC_IRQHandler
                0x000000000800f54c                DMA2_Stream5_IRQHandler
                0x000000000800f54c                JPEG_IRQHandler
                0x000000000800f54c                DMA1_Stream5_IRQHandler
                0x000000000800f54c                CAN3_RX1_IRQHandler
                0x000000000800f54c                PVD_IRQHandler
                0x000000000800f54c                TAMP_STAMP_IRQHandler
                0x000000000800f54c                CAN2_RX1_IRQHandler
                0x000000000800f54c                EXTI3_IRQHandler
                0x000000000800f54c                TIM8_TRG_COM_TIM14_IRQHandler
                0x000000000800f54c                DFSDM1_FLT1_IRQHandler
                0x000000000800f54c                TIM1_UP_TIM10_IRQHandler
                0x000000000800f54c                TIM8_UP_TIM13_IRQHandler
                0x000000000800f54c                I2C3_ER_IRQHandler
                0x000000000800f54c                DFSDM1_FLT2_IRQHandler
                0x000000000800f54c                EXTI0_IRQHandler
                0x000000000800f54c                I2C2_EV_IRQHandler
                0x000000000800f54c                DMA1_Stream2_IRQHandler
                0x000000000800f54c                CAN1_RX0_IRQHandler
                0x000000000800f54c                FPU_IRQHandler
                0x000000000800f54c                OTG_HS_WKUP_IRQHandler
                0x000000000800f54c                CAN3_SCE_IRQHandler
                0x000000000800f54c                LTDC_ER_IRQHandler
                0x000000000800f54c                CAN2_SCE_IRQHandler
                0x000000000800f54c                DMA2_Stream2_IRQHandler
                0x000000000800f54c                SPI1_IRQHandler
                0x000000000800f54c                TIM6_DAC_IRQHandler
                0x000000000800f54c                TIM1_BRK_TIM9_IRQHandler
                0x000000000800f54c                DCMI_IRQHandler
                0x000000000800f54c                CAN2_RX0_IRQHandler
                0x000000000800f54c                DMA2_Stream3_IRQHandler
                0x000000000800f54c                SAI2_IRQHandler
                0x000000000800f54c                DFSDM1_FLT3_IRQHandler
                0x000000000800f54c                USART6_IRQHandler
                0x000000000800f54c                CAN3_RX0_IRQHandler
                0x000000000800f54c                USART3_IRQHandler
                0x000000000800f54c                CAN1_RX1_IRQHandler
                0x000000000800f54c                UART5_IRQHandler
                0x000000000800f54c                DMA2_Stream0_IRQHandler
                0x000000000800f54c                TIM4_IRQHandler
                0x000000000800f54c                QUADSPI_IRQHandler
                0x000000000800f54c                I2C1_EV_IRQHandler
                0x000000000800f54c                DMA1_Stream6_IRQHandler
                0x000000000800f54c                DMA1_Stream1_IRQHandler
                0x000000000800f54c                UART4_IRQHandler
                0x000000000800f54c                TIM3_IRQHandler
                0x000000000800f54c                RCC_IRQHandler
                0x000000000800f54c                TIM8_BRK_TIM12_IRQHandler
                0x000000000800f54c                Default_Handler
                0x000000000800f54c                CEC_IRQHandler
                0x000000000800f54c                EXTI15_10_IRQHandler
                0x000000000800f54c                ADC_IRQHandler
                0x000000000800f54c                DMA1_Stream7_IRQHandler
                0x000000000800f54c                SPI5_IRQHandler
                0x000000000800f54c                TIM7_IRQHandler
                0x000000000800f54c                SDMMC1_IRQHandler
                0x000000000800f54c                CAN2_TX_IRQHandler
                0x000000000800f54c                TIM5_IRQHandler
                0x000000000800f54c                DMA2_Stream7_IRQHandler
                0x000000000800f54c                I2C3_EV_IRQHandler
                0x000000000800f54c                EXTI9_5_IRQHandler
                0x000000000800f54c                RTC_WKUP_IRQHandler
                0x000000000800f54c                LTDC_IRQHandler
                0x000000000800f54c                ETH_WKUP_IRQHandler
                0x000000000800f54c                SPDIF_RX_IRQHandler
                0x000000000800f54c                SPI2_IRQHandler
                0x000000000800f54c                OTG_HS_EP1_IN_IRQHandler
                0x000000000800f54c                DMA1_Stream0_IRQHandler
                0x000000000800f54c                CAN1_TX_IRQHandler
                0x000000000800f54c                EXTI4_IRQHandler
                0x000000000800f54c                RNG_IRQHandler
                0x000000000800f54c                ETH_IRQHandler
                0x000000000800f54c                OTG_HS_EP1_OUT_IRQHandler
                0x000000000800f54c                WWDG_IRQHandler
                0x000000000800f54c                SPI6_IRQHandler
                0x000000000800f54c                MDIOS_IRQHandler
                0x000000000800f54c                I2C4_EV_IRQHandler
                0x000000000800f54c                CAN3_TX_IRQHandler
                0x000000000800f54c                TIM2_IRQHandler
                0x000000000800f54c                OTG_FS_WKUP_IRQHandler
                0x000000000800f54c                TIM1_TRG_COM_TIM11_IRQHandler
                0x000000000800f54c                OTG_HS_IRQHandler
                0x000000000800f54c                DMA2D_IRQHandler
                0x000000000800f54c                EXTI1_IRQHandler
                0x000000000800f54c                SDMMC2_IRQHandler
                0x000000000800f54c                UART7_IRQHandler
                0x000000000800f54c                USART2_IRQHandler
                0x000000000800f54c                DFSDM1_FLT0_IRQHandler
                0x000000000800f54c                I2C2_ER_IRQHandler
                0x000000000800f54c                DMA2_Stream1_IRQHandler
                0x000000000800f54c                CAN1_SCE_IRQHandler
                0x000000000800f54c                FLASH_IRQHandler
                0x000000000800f54c                DMA2_Stream4_IRQHandler
                0x000000000800f54c                USART1_IRQHandler
                0x000000000800f54c                OTG_FS_IRQHandler
                0x000000000800f54c                SPI3_IRQHandler
                0x000000000800f54c                DMA1_Stream4_IRQHandler
                0x000000000800f54c                I2C1_ER_IRQHandler
                0x000000000800f54c                FMC_IRQHandler
                0x000000000800f54c                LPTIM1_IRQHandler
                0x000000000800f54c                I2C4_ER_IRQHandler
                0x000000000800f54c                DMA2_Stream6_IRQHandler
                0x000000000800f54c                SAI1_IRQHandler
                0x000000000800f54c                DMA1_Stream3_IRQHandler
 .text.__aeabi_memclr
                0x000000000800f54e        0x6 d:/st/stm32cubeide_1.0.2/stm32cubeide/plugins/com.st.stm32cube.ide.mcu.externaltools.gnu-tools-for-stm32.7-2018-q2-update.win32_1.0.0.201904181610/tools/bin/../lib/gcc/arm-none-eabi/7.3.1/../../../../arm-none-eabi/lib/thumb/v7e-m/fpv5/hard\libc_nano.a(lib_a-aeabi_memclr.o)
                0x000000000800f54e                __aeabi_memclr
                0x000000000800f54e                __aeabi_memclr4
                0x000000000800f54e                __aeabi_memclr8
 .text.__aeabi_memcpy
                0x000000000800f554        0x4 d:/st/stm32cubeide_1.0.2/stm32cubeide/plugins/com.st.stm32cube.ide.mcu.externaltools.gnu-tools-for-stm32.7-2018-q2-update.win32_1.0.0.201904181610/tools/bin/../lib/gcc/arm-none-eabi/7.3.1/../../../../arm-none-eabi/lib/thumb/v7e-m/fpv5/hard\libc_nano.a(lib_a-aeabi_memcpy.o)
                0x000000000800f554                __aeabi_memcpy4
                0x000000000800f554                __aeabi_memcpy8
                0x000000000800f554                __aeabi_memcpy
 .text.__errno  0x000000000800f558        0xc d:/st/stm32cubeide_1.0.2/stm32cubeide/plugins/com.st.stm32cube.ide.mcu.externaltools.gnu-tools-for-stm32.7-2018-q2-update.win32_1.0.0.201904181610/tools/bin/../lib/gcc/arm-none-eabi/7.3.1/../../../../arm-none-eabi/lib/thumb/v7e-m/fpv5/hard\libc_nano.a(lib_a-errno.o)
                0x000000000800f558                __errno
 .text.__libc_init_array
                0x000000000800f564       0x48 d:/st/stm32cubeide_1.0.2/stm32cubeide/plugins/com.st.stm32cube.ide.mcu.externaltools.gnu-tools-for-stm32.7-2018-q2-update.win32_1.0.0.201904181610/tools/bin/../lib/gcc/arm-none-eabi/7.3.1/../../../../arm-none-eabi/lib/thumb/v7e-m/fpv5/hard\libc_nano.a(lib_a-init.o)
                0x000000000800f564                __libc_init_array
 .text.malloc   0x000000000800f5ac       0x10 d:/st/stm32cubeide_1.0.2/stm32cubeide/plugins/com.st.stm32cube.ide.mcu.externaltools.gnu-tools-for-stm32.7-2018-q2-update.win32_1.0.0.201904181610/tools/bin/../lib/gcc/arm-none-eabi/7.3.1/../../../../arm-none-eabi/lib/thumb/v7e-m/fpv5/hard\libc_nano.a(lib_a-malloc.o)
                0x000000000800f5ac                malloc
 .text.free     0x000000000800f5bc       0x10 d:/st/stm32cubeide_1.0.2/stm32cubeide/plugins/com.st.stm32cube.ide.mcu.externaltools.gnu-tools-for-stm32.7-2018-q2-update.win32_1.0.0.201904181610/tools/bin/../lib/gcc/arm-none-eabi/7.3.1/../../../../arm-none-eabi/lib/thumb/v7e-m/fpv5/hard\libc_nano.a(lib_a-malloc.o)
                0x000000000800f5bc                free
 .text.memcmp   0x000000000800f5cc       0x1e d:/st/stm32cubeide_1.0.2/stm32cubeide/plugins/com.st.stm32cube.ide.mcu.externaltools.gnu-tools-for-stm32.7-2018-q2-update.win32_1.0.0.201904181610/tools/bin/../lib/gcc/arm-none-eabi/7.3.1/../../../../arm-none-eabi/lib/thumb/v7e-m/fpv5/hard\libc_nano.a(lib_a-memcmp.o)
                0x000000000800f5cc                memcmp
 .text.memcpy   0x000000000800f5ea       0x16 d:/st/stm32cubeide_1.0.2/stm32cubeide/plugins/com.st.stm32cube.ide.mcu.externaltools.gnu-tools-for-stm32.7-2018-q2-update.win32_1.0.0.201904181610/tools/bin/../lib/gcc/arm-none-eabi/7.3.1/../../../../arm-none-eabi/lib/thumb/v7e-m/fpv5/hard\libc_nano.a(lib_a-memcpy-stub.o)
                0x000000000800f5ea                memcpy
 .text.memset   0x000000000800f600       0x10 d:/st/stm32cubeide_1.0.2/stm32cubeide/plugins/com.st.stm32cube.ide.mcu.externaltools.gnu-tools-for-stm32.7-2018-q2-update.win32_1.0.0.201904181610/tools/bin/../lib/gcc/arm-none-eabi/7.3.1/../../../../arm-none-eabi/lib/thumb/v7e-m/fpv5/hard\libc_nano.a(lib_a-memset.o)
                0x000000000800f600                memset
 .text._free_r  0x000000000800f610       0x9c d:/st/stm32cubeide_1.0.2/stm32cubeide/plugins/com.st.stm32cube.ide.mcu.externaltools.gnu-tools-for-stm32.7-2018-q2-update.win32_1.0.0.201904181610/tools/bin/../lib/gcc/arm-none-eabi/7.3.1/../../../../arm-none-eabi/lib/thumb/v7e-m/fpv5/hard\libc_nano.a(lib_a-nano-freer.o)
                0x000000000800f610                _free_r
 .text._malloc_r
                0x000000000800f6ac       0xb4 d:/st/stm32cubeide_1.0.2/stm32cubeide/plugins/com.st.stm32cube.ide.mcu.externaltools.gnu-tools-for-stm32.7-2018-q2-update.win32_1.0.0.201904181610/tools/bin/../lib/gcc/arm-none-eabi/7.3.1/../../../../arm-none-eabi/lib/thumb/v7e-m/fpv5/hard\libc_nano.a(lib_a-nano-mallocr.o)
                0x000000000800f6ac                _malloc_r
 .text.__cvt    0x000000000800f760       0xa4 d:/st/stm32cubeide_1.0.2/stm32cubeide/plugins/com.st.stm32cube.ide.mcu.externaltools.gnu-tools-for-stm32.7-2018-q2-update.win32_1.0.0.201904181610/tools/bin/../lib/gcc/arm-none-eabi/7.3.1/../../../../arm-none-eabi/lib/thumb/v7e-m/fpv5/hard\libc_nano.a(lib_a-nano-vfprintf_float.o)
                0x000000000800f760                __cvt
 .text.__exponent
                0x000000000800f804       0x66 d:/st/stm32cubeide_1.0.2/stm32cubeide/plugins/com.st.stm32cube.ide.mcu.externaltools.gnu-tools-for-stm32.7-2018-q2-update.win32_1.0.0.201904181610/tools/bin/../lib/gcc/arm-none-eabi/7.3.1/../../../../arm-none-eabi/lib/thumb/v7e-m/fpv5/hard\libc_nano.a(lib_a-nano-vfprintf_float.o)
                0x000000000800f804                __exponent
 *fill*         0x000000000800f86a        0x6 
 .text._printf_float
                0x000000000800f870      0x458 d:/st/stm32cubeide_1.0.2/stm32cubeide/plugins/com.st.stm32cube.ide.mcu.externaltools.gnu-tools-for-stm32.7-2018-q2-update.win32_1.0.0.201904181610/tools/bin/../lib/gcc/arm-none-eabi/7.3.1/../../../../arm-none-eabi/lib/thumb/v7e-m/fpv5/hard\libc_nano.a(lib_a-nano-vfprintf_float.o)
                0x000000000800f870                _printf_float
 .text._printf_common
                0x000000000800fcc8       0xea d:/st/stm32cubeide_1.0.2/stm32cubeide/plugins/com.st.stm32cube.ide.mcu.externaltools.gnu-tools-for-stm32.7-2018-q2-update.win32_1.0.0.201904181610/tools/bin/../lib/gcc/arm-none-eabi/7.3.1/../../../../arm-none-eabi/lib/thumb/v7e-m/fpv5/hard\libc_nano.a(lib_a-nano-vfprintf_i.o)
                0x000000000800fcc8                _printf_common
 *fill*         0x000000000800fdb2        0x2 
 .text._printf_i
                0x000000000800fdb4      0x224 d:/st/stm32cubeide_1.0.2/stm32cubeide/plugins/com.st.stm32cube.ide.mcu.externaltools.gnu-tools-for-stm32.7-2018-q2-update.win32_1.0.0.201904181610/tools/bin/../lib/gcc/arm-none-eabi/7.3.1/../../../../arm-none-eabi/lib/thumb/v7e-m/fpv5/hard\libc_nano.a(lib_a-nano-vfprintf_i.o)
                0x000000000800fdb4                _printf_i
 .text.printf   0x000000000800ffd8       0x30 d:/st/stm32cubeide_1.0.2/stm32cubeide/plugins/com.st.stm32cube.ide.mcu.externaltools.gnu-tools-for-stm32.7-2018-q2-update.win32_1.0.0.201904181610/tools/bin/../lib/gcc/arm-none-eabi/7.3.1/../../../../arm-none-eabi/lib/thumb/v7e-m/fpv5/hard\libc_nano.a(lib_a-printf.o)
                0x000000000800ffd8                iprintf
                0x000000000800ffd8                printf
 .text._puts_r  0x0000000008010008       0xb8 d:/st/stm32cubeide_1.0.2/stm32cubeide/plugins/com.st.stm32cube.ide.mcu.externaltools.gnu-tools-for-stm32.7-2018-q2-update.win32_1.0.0.201904181610/tools/bin/../lib/gcc/arm-none-eabi/7.3.1/../../../../arm-none-eabi/lib/thumb/v7e-m/fpv5/hard\libc_nano.a(lib_a-puts.o)
                0x0000000008010008                _puts_r
 .text.puts     0x00000000080100c0       0x10 d:/st/stm32cubeide_1.0.2/stm32cubeide/plugins/com.st.stm32cube.ide.mcu.externaltools.gnu-tools-for-stm32.7-2018-q2-update.win32_1.0.0.201904181610/tools/bin/../lib/gcc/arm-none-eabi/7.3.1/../../../../arm-none-eabi/lib/thumb/v7e-m/fpv5/hard\libc_nano.a(lib_a-puts.o)
                0x00000000080100c0                puts
 .text.realloc  0x00000000080100d0       0x10 d:/st/stm32cubeide_1.0.2/stm32cubeide/plugins/com.st.stm32cube.ide.mcu.externaltools.gnu-tools-for-stm32.7-2018-q2-update.win32_1.0.0.201904181610/tools/bin/../lib/gcc/arm-none-eabi/7.3.1/../../../../arm-none-eabi/lib/thumb/v7e-m/fpv5/hard\libc_nano.a(lib_a-realloc.o)
                0x00000000080100d0                realloc
 .text._sbrk_r  0x00000000080100e0       0x20 d:/st/stm32cubeide_1.0.2/stm32cubeide/plugins/com.st.stm32cube.ide.mcu.externaltools.gnu-tools-for-stm32.7-2018-q2-update.win32_1.0.0.201904181610/tools/bin/../lib/gcc/arm-none-eabi/7.3.1/../../../../arm-none-eabi/lib/thumb/v7e-m/fpv5/hard\libc_nano.a(lib_a-sbrkr.o)
                0x00000000080100e0                _sbrk_r
 .text.strncmp  0x0000000008010100       0x24 d:/st/stm32cubeide_1.0.2/stm32cubeide/plugins/com.st.stm32cube.ide.mcu.externaltools.gnu-tools-for-stm32.7-2018-q2-update.win32_1.0.0.201904181610/tools/bin/../lib/gcc/arm-none-eabi/7.3.1/../../../../arm-none-eabi/lib/thumb/v7e-m/fpv5/hard\libc_nano.a(lib_a-strncmp.o)
                0x0000000008010100                strncmp
 .text.__swbuf_r
                0x0000000008010124       0xa4 d:/st/stm32cubeide_1.0.2/stm32cubeide/plugins/com.st.stm32cube.ide.mcu.externaltools.gnu-tools-for-stm32.7-2018-q2-update.win32_1.0.0.201904181610/tools/bin/../lib/gcc/arm-none-eabi/7.3.1/../../../../arm-none-eabi/lib/thumb/v7e-m/fpv5/hard\libc_nano.a(lib_a-wbuf.o)
                0x0000000008010124                __swbuf_r
 .text.__swsetup_r
                0x00000000080101c8       0xdc d:/st/stm32cubeide_1.0.2/stm32cubeide/plugins/com.st.stm32cube.ide.mcu.externaltools.gnu-tools-for-stm32.7-2018-q2-update.win32_1.0.0.201904181610/tools/bin/../lib/gcc/arm-none-eabi/7.3.1/../../../../arm-none-eabi/lib/thumb/v7e-m/fpv5/hard\libc_nano.a(lib_a-wsetup.o)
                0x00000000080101c8                __swsetup_r
 .text.quorem   0x00000000080102a4      0x118 d:/st/stm32cubeide_1.0.2/stm32cubeide/plugins/com.st.stm32cube.ide.mcu.externaltools.gnu-tools-for-stm32.7-2018-q2-update.win32_1.0.0.201904181610/tools/bin/../lib/gcc/arm-none-eabi/7.3.1/../../../../arm-none-eabi/lib/thumb/v7e-m/fpv5/hard\libc_nano.a(lib_a-dtoa.o)
 *fill*         0x00000000080103bc        0x4 
 .text._dtoa_r  0x00000000080103c0      0xa98 d:/st/stm32cubeide_1.0.2/stm32cubeide/plugins/com.st.stm32cube.ide.mcu.externaltools.gnu-tools-for-stm32.7-2018-q2-update.win32_1.0.0.201904181610/tools/bin/../lib/gcc/arm-none-eabi/7.3.1/../../../../arm-none-eabi/lib/thumb/v7e-m/fpv5/hard\libc_nano.a(lib_a-dtoa.o)
                0x00000000080103c0                _dtoa_r
 .text.__sflush_r
                0x0000000008010e58      0x10c d:/st/stm32cubeide_1.0.2/stm32cubeide/plugins/com.st.stm32cube.ide.mcu.externaltools.gnu-tools-for-stm32.7-2018-q2-update.win32_1.0.0.201904181610/tools/bin/../lib/gcc/arm-none-eabi/7.3.1/../../../../arm-none-eabi/lib/thumb/v7e-m/fpv5/hard\libc_nano.a(lib_a-fflush.o)
                0x0000000008010e58                __sflush_r
 .text._fflush_r
                0x0000000008010f64       0x54 d:/st/stm32cubeide_1.0.2/stm32cubeide/plugins/com.st.stm32cube.ide.mcu.externaltools.gnu-tools-for-stm32.7-2018-q2-update.win32_1.0.0.201904181610/tools/bin/../lib/gcc/arm-none-eabi/7.3.1/../../../../arm-none-eabi/lib/thumb/v7e-m/fpv5/hard\libc_nano.a(lib_a-fflush.o)
                0x0000000008010f64                _fflush_r
 .text.std      0x0000000008010fb8       0x48 d:/st/stm32cubeide_1.0.2/stm32cubeide/plugins/com.st.stm32cube.ide.mcu.externaltools.gnu-tools-for-stm32.7-2018-q2-update.win32_1.0.0.201904181610/tools/bin/../lib/gcc/arm-none-eabi/7.3.1/../../../../arm-none-eabi/lib/thumb/v7e-m/fpv5/hard\libc_nano.a(lib_a-findfp.o)
 .text._cleanup_r
                0x0000000008011000        0xc d:/st/stm32cubeide_1.0.2/stm32cubeide/plugins/com.st.stm32cube.ide.mcu.externaltools.gnu-tools-for-stm32.7-2018-q2-update.win32_1.0.0.201904181610/tools/bin/../lib/gcc/arm-none-eabi/7.3.1/../../../../arm-none-eabi/lib/thumb/v7e-m/fpv5/hard\libc_nano.a(lib_a-findfp.o)
                0x0000000008011000                _cleanup_r
 .text.__sfmoreglue
                0x000000000801100c       0x2c d:/st/stm32cubeide_1.0.2/stm32cubeide/plugins/com.st.stm32cube.ide.mcu.externaltools.gnu-tools-for-stm32.7-2018-q2-update.win32_1.0.0.201904181610/tools/bin/../lib/gcc/arm-none-eabi/7.3.1/../../../../arm-none-eabi/lib/thumb/v7e-m/fpv5/hard\libc_nano.a(lib_a-findfp.o)
                0x000000000801100c                __sfmoreglue
 .text.__sinit  0x0000000008011038       0x60 d:/st/stm32cubeide_1.0.2/stm32cubeide/plugins/com.st.stm32cube.ide.mcu.externaltools.gnu-tools-for-stm32.7-2018-q2-update.win32_1.0.0.201904181610/tools/bin/../lib/gcc/arm-none-eabi/7.3.1/../../../../arm-none-eabi/lib/thumb/v7e-m/fpv5/hard\libc_nano.a(lib_a-findfp.o)
                0x0000000008011038                __sinit
 .text.__sfp    0x0000000008011098       0x78 d:/st/stm32cubeide_1.0.2/stm32cubeide/plugins/com.st.stm32cube.ide.mcu.externaltools.gnu-tools-for-stm32.7-2018-q2-update.win32_1.0.0.201904181610/tools/bin/../lib/gcc/arm-none-eabi/7.3.1/../../../../arm-none-eabi/lib/thumb/v7e-m/fpv5/hard\libc_nano.a(lib_a-findfp.o)
                0x0000000008011098                __sfp
 .text._fwalk_reent
                0x0000000008011110       0x3c d:/st/stm32cubeide_1.0.2/stm32cubeide/plugins/com.st.stm32cube.ide.mcu.externaltools.gnu-tools-for-stm32.7-2018-q2-update.win32_1.0.0.201904181610/tools/bin/../lib/gcc/arm-none-eabi/7.3.1/../../../../arm-none-eabi/lib/thumb/v7e-m/fpv5/hard\libc_nano.a(lib_a-fwalk.o)
                0x0000000008011110                _fwalk_reent
 .text._localeconv_r
                0x000000000801114c       0x1c d:/st/stm32cubeide_1.0.2/stm32cubeide/plugins/com.st.stm32cube.ide.mcu.externaltools.gnu-tools-for-stm32.7-2018-q2-update.win32_1.0.0.201904181610/tools/bin/../lib/gcc/arm-none-eabi/7.3.1/../../../../arm-none-eabi/lib/thumb/v7e-m/fpv5/hard\libc_nano.a(lib_a-localeconv.o)
                0x000000000801114c                _localeconv_r
 .text.__swhatbuf_r
                0x0000000008011168       0x48 d:/st/stm32cubeide_1.0.2/stm32cubeide/plugins/com.st.stm32cube.ide.mcu.externaltools.gnu-tools-for-stm32.7-2018-q2-update.win32_1.0.0.201904181610/tools/bin/../lib/gcc/arm-none-eabi/7.3.1/../../../../arm-none-eabi/lib/thumb/v7e-m/fpv5/hard\libc_nano.a(lib_a-makebuf.o)
                0x0000000008011168                __swhatbuf_r
 .text.__smakebuf_r
                0x00000000080111b0       0x80 d:/st/stm32cubeide_1.0.2/stm32cubeide/plugins/com.st.stm32cube.ide.mcu.externaltools.gnu-tools-for-stm32.7-2018-q2-update.win32_1.0.0.201904181610/tools/bin/../lib/gcc/arm-none-eabi/7.3.1/../../../../arm-none-eabi/lib/thumb/v7e-m/fpv5/hard\libc_nano.a(lib_a-makebuf.o)
                0x00000000080111b0                __smakebuf_r
 .text.__malloc_lock
                0x0000000008011230        0x2 d:/st/stm32cubeide_1.0.2/stm32cubeide/plugins/com.st.stm32cube.ide.mcu.externaltools.gnu-tools-for-stm32.7-2018-q2-update.win32_1.0.0.201904181610/tools/bin/../lib/gcc/arm-none-eabi/7.3.1/../../../../arm-none-eabi/lib/thumb/v7e-m/fpv5/hard\libc_nano.a(lib_a-mlock.o)
                0x0000000008011230                __malloc_lock
 .text.__malloc_unlock
                0x0000000008011232        0x2 d:/st/stm32cubeide_1.0.2/stm32cubeide/plugins/com.st.stm32cube.ide.mcu.externaltools.gnu-tools-for-stm32.7-2018-q2-update.win32_1.0.0.201904181610/tools/bin/../lib/gcc/arm-none-eabi/7.3.1/../../../../arm-none-eabi/lib/thumb/v7e-m/fpv5/hard\libc_nano.a(lib_a-mlock.o)
                0x0000000008011232                __malloc_unlock
 .text._Balloc  0x0000000008011234       0x68 d:/st/stm32cubeide_1.0.2/stm32cubeide/plugins/com.st.stm32cube.ide.mcu.externaltools.gnu-tools-for-stm32.7-2018-q2-update.win32_1.0.0.201904181610/tools/bin/../lib/gcc/arm-none-eabi/7.3.1/../../../../arm-none-eabi/lib/thumb/v7e-m/fpv5/hard\libc_nano.a(lib_a-mprec.o)
                0x0000000008011234                _Balloc
 .text._Bfree   0x000000000801129c       0x2e d:/st/stm32cubeide_1.0.2/stm32cubeide/plugins/com.st.stm32cube.ide.mcu.externaltools.gnu-tools-for-stm32.7-2018-q2-update.win32_1.0.0.201904181610/tools/bin/../lib/gcc/arm-none-eabi/7.3.1/../../../../arm-none-eabi/lib/thumb/v7e-m/fpv5/hard\libc_nano.a(lib_a-mprec.o)
                0x000000000801129c                _Bfree
 .text.__multadd
                0x00000000080112ca       0x76 d:/st/stm32cubeide_1.0.2/stm32cubeide/plugins/com.st.stm32cube.ide.mcu.externaltools.gnu-tools-for-stm32.7-2018-q2-update.win32_1.0.0.201904181610/tools/bin/../lib/gcc/arm-none-eabi/7.3.1/../../../../arm-none-eabi/lib/thumb/v7e-m/fpv5/hard\libc_nano.a(lib_a-mprec.o)
                0x00000000080112ca                __multadd
 .text.__hi0bits
                0x0000000008011340       0x3e d:/st/stm32cubeide_1.0.2/stm32cubeide/plugins/com.st.stm32cube.ide.mcu.externaltools.gnu-tools-for-stm32.7-2018-q2-update.win32_1.0.0.201904181610/tools/bin/../lib/gcc/arm-none-eabi/7.3.1/../../../../arm-none-eabi/lib/thumb/v7e-m/fpv5/hard\libc_nano.a(lib_a-mprec.o)
                0x0000000008011340                __hi0bits
 .text.__lo0bits
                0x000000000801137e       0x5e d:/st/stm32cubeide_1.0.2/stm32cubeide/plugins/com.st.stm32cube.ide.mcu.externaltools.gnu-tools-for-stm32.7-2018-q2-update.win32_1.0.0.201904181610/tools/bin/../lib/gcc/arm-none-eabi/7.3.1/../../../../arm-none-eabi/lib/thumb/v7e-m/fpv5/hard\libc_nano.a(lib_a-mprec.o)
                0x000000000801137e                __lo0bits
 .text.__i2b    0x00000000080113dc       0x12 d:/st/stm32cubeide_1.0.2/stm32cubeide/plugins/com.st.stm32cube.ide.mcu.externaltools.gnu-tools-for-stm32.7-2018-q2-update.win32_1.0.0.201904181610/tools/bin/../lib/gcc/arm-none-eabi/7.3.1/../../../../arm-none-eabi/lib/thumb/v7e-m/fpv5/hard\libc_nano.a(lib_a-mprec.o)
                0x00000000080113dc                __i2b
 .text.__multiply
                0x00000000080113ee      0x12c d:/st/stm32cubeide_1.0.2/stm32cubeide/plugins/com.st.stm32cube.ide.mcu.externaltools.gnu-tools-for-stm32.7-2018-q2-update.win32_1.0.0.201904181610/tools/bin/../lib/gcc/arm-none-eabi/7.3.1/../../../../arm-none-eabi/lib/thumb/v7e-m/fpv5/hard\libc_nano.a(lib_a-mprec.o)
                0x00000000080113ee                __multiply
 *fill*         0x000000000801151a        0x2 
 .text.__pow5mult
                0x000000000801151c       0x9c d:/st/stm32cubeide_1.0.2/stm32cubeide/plugins/com.st.stm32cube.ide.mcu.externaltools.gnu-tools-for-stm32.7-2018-q2-update.win32_1.0.0.201904181610/tools/bin/../lib/gcc/arm-none-eabi/7.3.1/../../../../arm-none-eabi/lib/thumb/v7e-m/fpv5/hard\libc_nano.a(lib_a-mprec.o)
                0x000000000801151c                __pow5mult
 .text.__lshift
                0x00000000080115b8       0xa8 d:/st/stm32cubeide_1.0.2/stm32cubeide/plugins/com.st.stm32cube.ide.mcu.externaltools.gnu-tools-for-stm32.7-2018-q2-update.win32_1.0.0.201904181610/tools/bin/../lib/gcc/arm-none-eabi/7.3.1/../../../../arm-none-eabi/lib/thumb/v7e-m/fpv5/hard\libc_nano.a(lib_a-mprec.o)
                0x00000000080115b8                __lshift
 .text.__mcmp   0x0000000008011660       0x34 d:/st/stm32cubeide_1.0.2/stm32cubeide/plugins/com.st.stm32cube.ide.mcu.externaltools.gnu-tools-for-stm32.7-2018-q2-update.win32_1.0.0.201904181610/tools/bin/../lib/gcc/arm-none-eabi/7.3.1/../../../../arm-none-eabi/lib/thumb/v7e-m/fpv5/hard\libc_nano.a(lib_a-mprec.o)
                0x0000000008011660                __mcmp
 .text.__mdiff  0x0000000008011694       0xba d:/st/stm32cubeide_1.0.2/stm32cubeide/plugins/com.st.stm32cube.ide.mcu.externaltools.gnu-tools-for-stm32.7-2018-q2-update.win32_1.0.0.201904181610/tools/bin/../lib/gcc/arm-none-eabi/7.3.1/../../../../arm-none-eabi/lib/thumb/v7e-m/fpv5/hard\libc_nano.a(lib_a-mprec.o)
                0x0000000008011694                __mdiff
 .text.__d2b    0x000000000801174e       0x9e d:/st/stm32cubeide_1.0.2/stm32cubeide/plugins/com.st.stm32cube.ide.mcu.externaltools.gnu-tools-for-stm32.7-2018-q2-update.win32_1.0.0.201904181610/tools/bin/../lib/gcc/arm-none-eabi/7.3.1/../../../../arm-none-eabi/lib/thumb/v7e-m/fpv5/hard\libc_nano.a(lib_a-mprec.o)
                0x000000000801174e                __d2b
 .text._calloc_r
                0x00000000080117ec       0x1c d:/st/stm32cubeide_1.0.2/stm32cubeide/plugins/com.st.stm32cube.ide.mcu.externaltools.gnu-tools-for-stm32.7-2018-q2-update.win32_1.0.0.201904181610/tools/bin/../lib/gcc/arm-none-eabi/7.3.1/../../../../arm-none-eabi/lib/thumb/v7e-m/fpv5/hard\libc_nano.a(lib_a-nano-callocr.o)
                0x00000000080117ec                _calloc_r
 .text._realloc_r
                0x0000000008011808       0x4c d:/st/stm32cubeide_1.0.2/stm32cubeide/plugins/com.st.stm32cube.ide.mcu.externaltools.gnu-tools-for-stm32.7-2018-q2-update.win32_1.0.0.201904181610/tools/bin/../lib/gcc/arm-none-eabi/7.3.1/../../../../arm-none-eabi/lib/thumb/v7e-m/fpv5/hard\libc_nano.a(lib_a-nano-reallocr.o)
                0x0000000008011808                _realloc_r
 .text.__sfputc_r
                0x0000000008011854       0x2e d:/st/stm32cubeide_1.0.2/stm32cubeide/plugins/com.st.stm32cube.ide.mcu.externaltools.gnu-tools-for-stm32.7-2018-q2-update.win32_1.0.0.201904181610/tools/bin/../lib/gcc/arm-none-eabi/7.3.1/../../../../arm-none-eabi/lib/thumb/v7e-m/fpv5/hard\libc_nano.a(lib_a-nano-vfprintf.o)
 .text.__sfputs_r
                0x0000000008011882       0x24 d:/st/stm32cubeide_1.0.2/stm32cubeide/plugins/com.st.stm32cube.ide.mcu.externaltools.gnu-tools-for-stm32.7-2018-q2-update.win32_1.0.0.201904181610/tools/bin/../lib/gcc/arm-none-eabi/7.3.1/../../../../arm-none-eabi/lib/thumb/v7e-m/fpv5/hard\libc_nano.a(lib_a-nano-vfprintf.o)
                0x0000000008011882                __sfputs_r
 *fill*         0x00000000080118a6        0x2 
 .text._vfprintf_r
                0x00000000080118a8      0x22c d:/st/stm32cubeide_1.0.2/stm32cubeide/plugins/com.st.stm32cube.ide.mcu.externaltools.gnu-tools-for-stm32.7-2018-q2-update.win32_1.0.0.201904181610/tools/bin/../lib/gcc/arm-none-eabi/7.3.1/../../../../arm-none-eabi/lib/thumb/v7e-m/fpv5/hard\libc_nano.a(lib_a-nano-vfprintf.o)
                0x00000000080118a8                _vfprintf_r
                0x00000000080118a8                _vfiprintf_r
 .text.__sread  0x0000000008011ad4       0x22 d:/st/stm32cubeide_1.0.2/stm32cubeide/plugins/com.st.stm32cube.ide.mcu.externaltools.gnu-tools-for-stm32.7-2018-q2-update.win32_1.0.0.201904181610/tools/bin/../lib/gcc/arm-none-eabi/7.3.1/../../../../arm-none-eabi/lib/thumb/v7e-m/fpv5/hard\libc_nano.a(lib_a-stdio.o)
                0x0000000008011ad4                __sread
 .text.__swrite
                0x0000000008011af6       0x38 d:/st/stm32cubeide_1.0.2/stm32cubeide/plugins/com.st.stm32cube.ide.mcu.externaltools.gnu-tools-for-stm32.7-2018-q2-update.win32_1.0.0.201904181610/tools/bin/../lib/gcc/arm-none-eabi/7.3.1/../../../../arm-none-eabi/lib/thumb/v7e-m/fpv5/hard\libc_nano.a(lib_a-stdio.o)
                0x0000000008011af6                __swrite
 .text.__sseek  0x0000000008011b2e       0x24 d:/st/stm32cubeide_1.0.2/stm32cubeide/plugins/com.st.stm32cube.ide.mcu.externaltools.gnu-tools-for-stm32.7-2018-q2-update.win32_1.0.0.201904181610/tools/bin/../lib/gcc/arm-none-eabi/7.3.1/../../../../arm-none-eabi/lib/thumb/v7e-m/fpv5/hard\libc_nano.a(lib_a-stdio.o)
                0x0000000008011b2e                __sseek
 .text.__sclose
                0x0000000008011b52        0x8 d:/st/stm32cubeide_1.0.2/stm32cubeide/plugins/com.st.stm32cube.ide.mcu.externaltools.gnu-tools-for-stm32.7-2018-q2-update.win32_1.0.0.201904181610/tools/bin/../lib/gcc/arm-none-eabi/7.3.1/../../../../arm-none-eabi/lib/thumb/v7e-m/fpv5/hard\libc_nano.a(lib_a-stdio.o)
                0x0000000008011b52                __sclose
 *fill*         0x0000000008011b5a        0x2 
 .text._write_r
                0x0000000008011b5c       0x24 d:/st/stm32cubeide_1.0.2/stm32cubeide/plugins/com.st.stm32cube.ide.mcu.externaltools.gnu-tools-for-stm32.7-2018-q2-update.win32_1.0.0.201904181610/tools/bin/../lib/gcc/arm-none-eabi/7.3.1/../../../../arm-none-eabi/lib/thumb/v7e-m/fpv5/hard\libc_nano.a(lib_a-writer.o)
                0x0000000008011b5c                _write_r
 .text._close_r